Oct  6 00:56:42 ip-172-31-28-248 kernel: Command line: BOOT_IMAGE=(hd0,gpt1)/boot/vmlinuz-6.1.41-63.114.amzn2023.x86_64 root=UUID=4870ba44-116b-4b5f-b59a-12bad1cba74c ro console=tty0 console=ttyS0,115200n8 nvme_core.io_timeout=4294967295 rd.emergency=poweroff rd.shell=0 selinux=1 security=selinux quiet
Oct  6 00:56:42 ip-172-31-28-248 kernel: KASLR enabled
Oct  6 00:56:42 ip-172-31-28-248 kernel: x86/fpu: Supporting XSAVE feature 0x001: 'x87 floating point registers'
Oct  6 00:56:42 ip-172-31-28-248 kernel: x86/fpu: Supporting XSAVE feature 0x002: 'SSE registers'
Oct  6 00:56:42 ip-172-31-28-248 kernel: x86/fpu: Supporting XSAVE feature 0x004: 'AVX registers'
Oct  6 00:56:42 ip-172-31-28-248 kernel: x86/fpu: Supporting XSAVE feature 0x008: 'MPX bounds registers'
Oct  6 00:56:42 ip-172-31-28-248 kernel: x86/fpu: Supporting XSAVE feature 0x010: 'MPX CSR'
Oct  6 00:56:42 ip-172-31-28-248 kernel: x86/fpu: Supporting XSAVE feature 0x020: 'AVX-512 opmask'
Oct  6 00:56:42 ip-172-31-28-248 kernel: x86/fpu: Supporting XSAVE feature 0x040: 'AVX-512 Hi256'
Oct  6 00:56:42 ip-172-31-28-248 kernel: x86/fpu: Supporting XSAVE feature 0x080: 'AVX-512 ZMM_Hi256'
Oct  6 00:56:42 ip-172-31-28-248 kernel: x86/fpu: Supporting XSAVE feature 0x200: 'Protection Keys User registers'
Oct  6 00:56:42 ip-172-31-28-248 kernel: x86/fpu: xstate_offset[2]:  576, xstate_sizes[2]:  256
Oct  6 00:56:42 ip-172-31-28-248 kernel: x86/fpu: xstate_offset[3]:  832, xstate_sizes[3]:   64
Oct  6 00:56:42 ip-172-31-28-248 kernel: x86/fpu: xstate_offset[4]:  896, xstate_sizes[4]:   64
Oct  6 00:56:42 ip-172-31-28-248 kernel: x86/fpu: xstate_offset[5]:  960, xstate_sizes[5]:   64
Oct  6 00:56:42 ip-172-31-28-248 kernel: x86/fpu: xstate_offset[6]: 1024, xstate_sizes[6]:  512
Oct  6 00:56:42 ip-172-31-28-248 kernel: x86/fpu: xstate_offset[7]: 1536, xstate_sizes[7]: 1024
Oct  6 00:56:42 ip-172-31-28-248 kernel: x86/fpu: xstate_offset[9]: 2560, xstate_sizes[9]:    8
Oct  6 00:56:42 ip-172-31-28-248 kernel: x86/fpu: Enabled xstate features 0x2ff, context size is 2568 bytes, using 'compacted' format.
Oct  6 00:56:42 ip-172-31-28-248 kernel: signal: max sigframe size: 3632
Oct  6 00:56:42 ip-172-31-28-248 kernel: BIOS-provided physical RAM map:
Oct  6 00:56:42 ip-172-31-28-248 kernel: BIOS-e820: [mem 0x0000000000000000-0x000000000009ffff] usable
Oct  6 00:56:42 ip-172-31-28-248 kernel: BIOS-e820: [mem 0x0000000000100000-0x00000000390cdfff] usable
Oct  6 00:56:42 ip-172-31-28-248 kernel: BIOS-e820: [mem 0x00000000390ce000-0x000000003934dfff] reserved
Oct  6 00:56:42 ip-172-31-28-248 kernel: BIOS-e820: [mem 0x000000003934e000-0x000000003935dfff] ACPI data
Oct  6 00:56:42 ip-172-31-28-248 kernel: BIOS-e820: [mem 0x000000003935e000-0x00000000393ddfff] ACPI NVS
Oct  6 00:56:42 ip-172-31-28-248 kernel: BIOS-e820: [mem 0x00000000393de000-0x000000003d37bfff] usable
Oct  6 00:56:42 ip-172-31-28-248 kernel: BIOS-e820: [mem 0x000000003d37c000-0x000000003d3fffff] reserved
Oct  6 00:56:42 ip-172-31-28-248 kernel: NX (Execute Disable) protection: active
Oct  6 00:56:42 ip-172-31-28-248 kernel: extended physical RAM map:
Oct  6 00:56:42 ip-172-31-28-248 kernel: reserve setup_data: [mem 0x0000000000000000-0x000000000009ffff] usable
Oct  6 00:56:42 ip-172-31-28-248 kernel: reserve setup_data: [mem 0x0000000000100000-0x00000000372be017] usable
Oct  6 00:56:42 ip-172-31-28-248 kernel: reserve setup_data: [mem 0x00000000372be018-0x00000000372c6e57] usable
Oct  6 00:56:42 ip-172-31-28-248 kernel: reserve setup_data: [mem 0x00000000372c6e58-0x00000000390cdfff] usable
Oct  6 00:56:42 ip-172-31-28-248 kernel: reserve setup_data: [mem 0x00000000390ce000-0x000000003934dfff] reserved
Oct  6 00:56:42 ip-172-31-28-248 kernel: reserve setup_data: [mem 0x000000003934e000-0x000000003935dfff] ACPI data
Oct  6 00:56:42 ip-172-31-28-248 kernel: reserve setup_data: [mem 0x000000003935e000-0x00000000393ddfff] ACPI NVS
Oct  6 00:56:42 ip-172-31-28-248 kernel: reserve setup_data: [mem 0x00000000393de000-0x000000003d37bfff] usable
Oct  6 00:56:42 ip-172-31-28-248 kernel: reserve setup_data: [mem 0x000000003d37c000-0x000000003d3fffff] reserved
Oct  6 00:56:42 ip-172-31-28-248 kernel: efi: EFI v2.70 by EDK II
Oct  6 00:56:42 ip-172-31-28-248 kernel: efi: SMBIOS=0x3926a000 ACPI=0x3935d000 ACPI 2.0=0x3935d014 MEMATTR=0x37a3ca98 
Oct  6 00:56:42 ip-172-31-28-248 kernel: SMBIOS 2.7 present.
Oct  6 00:56:42 ip-172-31-28-248 kernel: DMI: Amazon EC2 t3.micro/, BIOS 1.0 10/16/2017
Oct  6 00:56:42 ip-172-31-28-248 kernel: Hypervisor detected: KVM
Oct  6 00:56:42 ip-172-31-28-248 kernel: kvm-clock: Using msrs 4b564d01 and 4b564d00
Oct  6 00:56:42 ip-172-31-28-248 kernel: kvm-clock: using sched offset of 2070776536 cycles
Oct  6 00:56:42 ip-172-31-28-248 kernel: clocksource: kvm-clock: mask: 0xffffffffffffffff max_cycles: 0x1cd42e4dffb, max_idle_ns: 881590591483 ns
Oct  6 00:56:42 ip-172-31-28-248 kernel: tsc: Detected 2499.998 MHz processor
Oct  6 00:56:42 ip-172-31-28-248 kernel: last_pfn = 0x3d37c max_arch_pfn = 0x400000000
Oct  6 00:56:42 ip-172-31-28-248 kernel: x86/PAT: Configuration [0-7]: WB  WC  UC- UC  WB  WP  UC- WT  
Oct  6 00:56:42 ip-172-31-28-248 kernel: Using GB pages for direct mapping
Oct  6 00:56:42 ip-172-31-28-248 kernel: Secure boot disabled
Oct  6 00:56:42 ip-172-31-28-248 kernel: RAMDISK: [mem 0x336fd000-0x343a0fff]
Oct  6 00:56:42 ip-172-31-28-248 kernel: ACPI: Early table checksum verification disabled
Oct  6 00:56:42 ip-172-31-28-248 kernel: ACPI: RSDP 0x000000003935D014 000024 (v02 AMAZON)
Oct  6 00:56:42 ip-172-31-28-248 kernel: ACPI: XSDT 0x000000003935C0E8 00006C (v01 AMAZON AMZNFACP 00000001      01000013)
Oct  6 00:56:42 ip-172-31-28-248 kernel: ACPI: FACP 0x0000000039355000 000114 (v01 AMAZON AMZNFACP 00000001 AMZN 00000001)
Oct  6 00:56:42 ip-172-31-28-248 kernel: ACPI: DSDT 0x0000000039356000 00115A (v01 AMAZON AMZNDSDT 00000001 AMZN 00000001)
Oct  6 00:56:42 ip-172-31-28-248 kernel: ACPI: FACS 0x00000000393D0000 000040
Oct  6 00:56:42 ip-172-31-28-248 kernel: ACPI: WAET 0x000000003935B000 000028 (v01 AMAZON AMZNWAET 00000001 AMZN 00000001)
Oct  6 00:56:42 ip-172-31-28-248 kernel: ACPI: SLIT 0x000000003935A000 00006C (v01 AMAZON AMZNSLIT 00000001 AMZN 00000001)
Oct  6 00:56:42 ip-172-31-28-248 kernel: ACPI: APIC 0x0000000039359000 000076 (v01 AMAZON AMZNAPIC 00000001 AMZN 00000001)
Oct  6 00:56:42 ip-172-31-28-248 kernel: ACPI: SRAT 0x0000000039358000 0000A0 (v01 AMAZON AMZNSRAT 00000001 AMZN 00000001)
Oct  6 00:56:42 ip-172-31-28-248 kernel: ACPI: HPET 0x0000000039354000 000038 (v01 AMAZON AMZNHPET 00000001 AMZN 00000001)
Oct  6 00:56:42 ip-172-31-28-248 kernel: ACPI: SSDT 0x0000000039353000 000759 (v01 AMAZON AMZNSSDT 00000001 AMZN 00000001)
Oct  6 00:56:42 ip-172-31-28-248 kernel: ACPI: SSDT 0x0000000039352000 00007F (v01 AMAZON AMZNSSDT 00000001 AMZN 00000001)
Oct  6 00:56:42 ip-172-31-28-248 kernel: ACPI: BGRT 0x0000000039351000 000038 (v01 AMAZON AMAZON   00000002      01000013)
Oct  6 00:56:42 ip-172-31-28-248 kernel: ACPI: Reserving FACP table memory at [mem 0x39355000-0x39355113]
Oct  6 00:56:42 ip-172-31-28-248 kernel: ACPI: Reserving DSDT table memory at [mem 0x39356000-0x39357159]
Oct  6 00:56:42 ip-172-31-28-248 kernel: ACPI: Reserving FACS table memory at [mem 0x393d0000-0x393d003f]
Oct  6 00:56:42 ip-172-31-28-248 kernel: ACPI: Reserving WAET table memory at [mem 0x3935b000-0x3935b027]
Oct  6 00:56:42 ip-172-31-28-248 kernel: ACPI: Reserving SLIT table memory at [mem 0x3935a000-0x3935a06b]
Oct  6 00:56:42 ip-172-31-28-248 kernel: ACPI: Reserving APIC table memory at [mem 0x39359000-0x39359075]
Oct  6 00:56:42 ip-172-31-28-248 kernel: ACPI: Reserving SRAT table memory at [mem 0x39358000-0x3935809f]
Oct  6 00:56:42 ip-172-31-28-248 kernel: ACPI: Reserving HPET table memory at [mem 0x39354000-0x39354037]
Oct  6 00:56:42 ip-172-31-28-248 kernel: ACPI: Reserving SSDT table memory at [mem 0x39353000-0x39353758]
Oct  6 00:56:42 ip-172-31-28-248 kernel: ACPI: Reserving SSDT table memory at [mem 0x39352000-0x3935207e]
Oct  6 00:56:42 ip-172-31-28-248 kernel: ACPI: Reserving BGRT table memory at [mem 0x39351000-0x39351037]
Oct  6 00:56:42 ip-172-31-28-248 kernel: SRAT: PXM 0 -> APIC 0x00 -> Node 0
Oct  6 00:56:42 ip-172-31-28-248 kernel: SRAT: PXM 0 -> APIC 0x01 -> Node 0
Oct  6 00:56:42 ip-172-31-28-248 kernel: ACPI: SRAT: Node 0 PXM 0 [mem 0x00000000-0x3fffffff]
Oct  6 00:56:42 ip-172-31-28-248 kernel: NODE_DATA(0) allocated [mem 0x3b2ca000-0x3b2f4fff]
Oct  6 00:56:42 ip-172-31-28-248 kernel: Zone ranges:
Oct  6 00:56:42 ip-172-31-28-248 kernel:  DMA      [mem 0x0000000000001000-0x0000000000ffffff]
Oct  6 00:56:42 ip-172-31-28-248 kernel:  DMA32    [mem 0x0000000001000000-0x000000003d37bfff]
Oct  6 00:56:42 ip-172-31-28-248 kernel:  Normal   empty
Oct  6 00:56:42 ip-172-31-28-248 kernel:  Device   empty
Oct  6 00:56:42 ip-172-31-28-248 kernel: Movable zone start for each node
Oct  6 00:56:42 ip-172-31-28-248 kernel: Early memory node ranges
Oct  6 00:56:42 ip-172-31-28-248 kernel:  node   0: [mem 0x0000000000001000-0x000000000009ffff]
Oct  6 00:56:42 ip-172-31-28-248 kernel:  node   0: [mem 0x0000000000100000-0x00000000390cdfff]
Oct  6 00:56:42 ip-172-31-28-248 kernel:  node   0: [mem 0x00000000393de000-0x000000003d37bfff]
Oct  6 00:56:42 ip-172-31-28-248 kernel: Initmem setup node 0 [mem 0x0000000000001000-0x000000003d37bfff]
Oct  6 00:56:42 ip-172-31-28-248 kernel: On node 0, zone DMA: 1 pages in unavailable ranges
Oct  6 00:56:42 ip-172-31-28-248 kernel: On node 0, zone DMA: 96 pages in unavailable ranges
Oct  6 00:56:42 ip-172-31-28-248 kernel: On node 0, zone DMA32: 784 pages in unavailable ranges
Oct  6 00:56:42 ip-172-31-28-248 kernel: On node 0, zone DMA32: 11396 pages in unavailable ranges
Oct  6 00:56:42 ip-172-31-28-248 kernel: ACPI: PM-Timer IO Port: 0xb008
Oct  6 00:56:42 ip-172-31-28-248 kernel: ACPI: LAPIC_NMI (acpi_id[0xff] dfl dfl lint[0x1])
Oct  6 00:56:42 ip-172-31-28-248 kernel: IOAPIC[0]: apic_id 0, version 32, address 0xfec00000, GSI 0-23
Oct  6 00:56:42 ip-172-31-28-248 kernel: ACPI: INT_SRC_OVR (bus 0 bus_irq 5 global_irq 5 high level)
Oct  6 00:56:42 ip-172-31-28-248 kernel: ACPI: INT_SRC_OVR (bus 0 bus_irq 9 global_irq 9 high level)
Oct  6 00:56:42 ip-172-31-28-248 kernel: ACPI: INT_SRC_OVR (bus 0 bus_irq 10 global_irq 10 high level)
Oct  6 00:56:42 ip-172-31-28-248 kernel: ACPI: INT_SRC_OVR (bus 0 bus_irq 11 global_irq 11 high level)
Oct  6 00:56:42 ip-172-31-28-248 kernel: ACPI: Using ACPI (MADT) for SMP configuration information
Oct  6 00:56:42 ip-172-31-28-248 kernel: ACPI: HPET id: 0x8086a201 base: 0xfed00000
Oct  6 00:56:42 ip-172-31-28-248 kernel: TSC deadline timer available
Oct  6 00:56:42 ip-172-31-28-248 kernel: smpboot: Allowing 2 CPUs, 0 hotplug CPUs
Oct  6 00:56:42 ip-172-31-28-248 kernel: PM: hibernation: Registered nosave memory: [mem 0x00000000-0x00000fff]
Oct  6 00:56:42 ip-172-31-28-248 kernel: PM: hibernation: Registered nosave memory: [mem 0x000a0000-0x000fffff]
Oct  6 00:56:42 ip-172-31-28-248 kernel: PM: hibernation: Registered nosave memory: [mem 0x372be000-0x372befff]
Oct  6 00:56:42 ip-172-31-28-248 kernel: PM: hibernation: Registered nosave memory: [mem 0x372c6000-0x372c6fff]
Oct  6 00:56:42 ip-172-31-28-248 kernel: PM: hibernation: Registered nosave memory: [mem 0x390ce000-0x3934dfff]
Oct  6 00:56:42 ip-172-31-28-248 kernel: PM: hibernation: Registered nosave memory: [mem 0x3934e000-0x3935dfff]
Oct  6 00:56:42 ip-172-31-28-248 kernel: PM: hibernation: Registered nosave memory: [mem 0x3935e000-0x393ddfff]
Oct  6 00:56:42 ip-172-31-28-248 kernel: [mem 0x3d400000-0xffffffff] available for PCI devices
Oct  6 00:56:42 ip-172-31-28-248 kernel: Booting paravirtualized kernel on KVM
Oct  6 00:56:42 ip-172-31-28-248 kernel: clocksource: refined-jiffies: mask: 0xffffffff max_cycles: 0xffffffff, max_idle_ns: 19112604462750000 ns
Oct  6 00:56:42 ip-172-31-28-248 kernel: setup_percpu: NR_CPUS:512 nr_cpumask_bits:2 nr_cpu_ids:2 nr_node_ids:1
Oct  6 00:56:42 ip-172-31-28-248 kernel: percpu: Embedded 60 pages/cpu s208896 r8192 d28672 u1048576
Oct  6 00:56:42 ip-172-31-28-248 kernel: kvm-guest: PV spinlocks enabled
Oct  6 00:56:42 ip-172-31-28-248 kernel: PV qspinlock hash table entries: 256 (order: 0, 4096 bytes, linear)
Oct  6 00:56:42 ip-172-31-28-248 kernel: Fallback order for Node 0: 0 
Oct  6 00:56:42 ip-172-31-28-248 kernel: Built 1 zonelists, mobility grouping on.  Total pages: 245790
Oct  6 00:56:42 ip-172-31-28-248 kernel: Policy zone: DMA32
Oct  6 00:56:42 ip-172-31-28-248 kernel: Kernel command line: BOOT_IMAGE=(hd0,gpt1)/boot/vmlinuz-6.1.41-63.114.amzn2023.x86_64 root=UUID=4870ba44-116b-4b5f-b59a-12bad1cba74c ro console=tty0 console=ttyS0,115200n8 nvme_core.io_timeout=4294967295 rd.emergency=poweroff rd.shell=0 selinux=1 security=selinux quiet
Oct  6 00:56:42 ip-172-31-28-248 kernel: Unknown kernel command line parameters "BOOT_IMAGE=(hd0,gpt1)/boot/vmlinuz-6.1.41-63.114.amzn2023.x86_64", will be passed to user space.
Oct  6 00:56:42 ip-172-31-28-248 kernel: random: crng init done
Oct  6 00:56:42 ip-172-31-28-248 kernel: Dentry cache hash table entries: 131072 (order: 8, 1048576 bytes, linear)
Oct  6 00:56:42 ip-172-31-28-248 kernel: Inode-cache hash table entries: 65536 (order: 7, 524288 bytes, linear)
Oct  6 00:56:42 ip-172-31-28-248 kernel: mem auto-init: stack:off, heap alloc:off, heap free:off
Oct  6 00:56:42 ip-172-31-28-248 kernel: Memory: 260864K/999468K available (14346K kernel code, 8888K rwdata, 8256K rodata, 2208K init, 19408K bss, 138464K reserved, 0K cma-reserved)
Oct  6 00:56:42 ip-172-31-28-248 kernel: SLUB: HWalign=64, Order=0-3, MinObjects=0, CPUs=2, Nodes=1
Oct  6 00:56:42 ip-172-31-28-248 kernel: Kernel/User page tables isolation: enabled
Oct  6 00:56:42 ip-172-31-28-248 kernel: ftrace: allocating 40887 entries in 160 pages
Oct  6 00:56:42 ip-172-31-28-248 kernel: ftrace: allocated 160 pages with 2 groups
Oct  6 00:56:42 ip-172-31-28-248 kernel: Dynamic Preempt: none
Oct  6 00:56:42 ip-172-31-28-248 kernel: rcu: Preemptible hierarchical RCU implementation.
Oct  6 00:56:42 ip-172-31-28-248 kernel: rcu: #011RCU restricting CPUs from NR_CPUS=512 to nr_cpu_ids=2.
Oct  6 00:56:42 ip-172-31-28-248 kernel: #011Trampoline variant of Tasks RCU enabled.
Oct  6 00:56:42 ip-172-31-28-248 kernel: #011Rude variant of Tasks RCU enabled.
Oct  6 00:56:42 ip-172-31-28-248 kernel: #011Tracing variant of Tasks RCU enabled.
Oct  6 00:56:42 ip-172-31-28-248 kernel: rcu: RCU calculated value of scheduler-enlistment delay is 10 jiffies.
Oct  6 00:56:42 ip-172-31-28-248 kernel: rcu: Adjusting geometry for rcu_fanout_leaf=16, nr_cpu_ids=2
Oct  6 00:56:42 ip-172-31-28-248 kernel: NR_IRQS: 33024, nr_irqs: 440, preallocated irqs: 16
Oct  6 00:56:42 ip-172-31-28-248 kernel: rcu: srcu_init: Setting srcu_struct sizes based on contention.
Oct  6 00:56:42 ip-172-31-28-248 kernel: Console: colour dummy device 80x25
Oct  6 00:56:42 ip-172-31-28-248 kernel: printk: console [tty0] enabled
Oct  6 00:56:42 ip-172-31-28-248 kernel: printk: console [ttyS0] enabled
Oct  6 00:56:42 ip-172-31-28-248 kernel: ACPI: Core revision 20220331
Oct  6 00:56:42 ip-172-31-28-248 kernel: clocksource: hpet: mask: 0xffffffff max_cycles: 0xffffffff, max_idle_ns: 30580167144 ns
Oct  6 00:56:42 ip-172-31-28-248 kernel: APIC: Switch to symmetric I/O mode setup
Oct  6 00:56:42 ip-172-31-28-248 kernel: x2apic enabled
Oct  6 00:56:42 ip-172-31-28-248 kernel: Switched APIC routing to physical x2apic.
Oct  6 00:56:42 ip-172-31-28-248 kernel: clocksource: tsc-early: mask: 0xffffffffffffffff max_cycles: 0x240937b9988, max_idle_ns: 440795218083 ns
Oct  6 00:56:42 ip-172-31-28-248 kernel: Calibrating delay loop (skipped) preset value.. 4999.99 BogoMIPS (lpj=24999980)
Oct  6 00:56:42 ip-172-31-28-248 kernel: pid_max: default: 32768 minimum: 301
Oct  6 00:56:42 ip-172-31-28-248 kernel: LSM: Security Framework initializing
Oct  6 00:56:42 ip-172-31-28-248 kernel: Yama: becoming mindful.
Oct  6 00:56:42 ip-172-31-28-248 kernel: SELinux:  Initializing.
Oct  6 00:56:42 ip-172-31-28-248 kernel: LSM support for eBPF active
Oct  6 00:56:42 ip-172-31-28-248 kernel: Mount-cache hash table entries: 2048 (order: 2, 16384 bytes, linear)
Oct  6 00:56:42 ip-172-31-28-248 kernel: Mountpoint-cache hash table entries: 2048 (order: 2, 16384 bytes, linear)
Oct  6 00:56:42 ip-172-31-28-248 kernel: Last level iTLB entries: 4KB 64, 2MB 8, 4MB 8
Oct  6 00:56:42 ip-172-31-28-248 kernel: Last level dTLB entries: 4KB 64, 2MB 0, 4MB 0, 1GB 4
Oct  6 00:56:42 ip-172-31-28-248 kernel: Spectre V1 : Mitigation: usercopy/swapgs barriers and __user pointer sanitization
Oct  6 00:56:42 ip-172-31-28-248 kernel: Spectre V2 : Mitigation: Retpolines
Oct  6 00:56:42 ip-172-31-28-248 kernel: Spectre V2 : Spectre v2 / SpectreRSB mitigation: Filling RSB on context switch
Oct  6 00:56:42 ip-172-31-28-248 kernel: Spectre V2 : Spectre v2 / SpectreRSB : Filling RSB on VMEXIT
Oct  6 00:56:42 ip-172-31-28-248 kernel: RETBleed: WARNING: Spectre v2 mitigation leaves CPU vulnerable to RETBleed attacks, data leaks possible!
Oct  6 00:56:42 ip-172-31-28-248 kernel: RETBleed: Vulnerable
Oct  6 00:56:42 ip-172-31-28-248 kernel: Speculative Store Bypass: Vulnerable
Oct  6 00:56:42 ip-172-31-28-248 kernel: MDS: Vulnerable: Clear CPU buffers attempted, no microcode
Oct  6 00:56:42 ip-172-31-28-248 kernel: MMIO Stale Data: Vulnerable: Clear CPU buffers attempted, no microcode
Oct  6 00:56:42 ip-172-31-28-248 kernel: Gather Data Sampling: Vulnerable: Microcode update required
Oct  6 00:56:42 ip-172-31-28-248 kernel: Freeing SMP alternatives memory: 32K
Oct  6 00:56:42 ip-172-31-28-248 kernel: smpboot: CPU0: Intel(R) Xeon(R) Platinum 8259CL CPU @ 2.50GHz (family: 0x6, model: 0x55, stepping: 0x7)
Oct  6 00:56:42 ip-172-31-28-248 kernel: cblist_init_generic: Setting adjustable number of callback queues.
Oct  6 00:56:42 ip-172-31-28-248 kernel: cblist_init_generic: Setting shift to 1 and lim to 1.
Oct  6 00:56:42 ip-172-31-28-248 kernel: cblist_init_generic: Setting shift to 1 and lim to 1.
Oct  6 00:56:42 ip-172-31-28-248 kernel: cblist_init_generic: Setting shift to 1 and lim to 1.
Oct  6 00:56:42 ip-172-31-28-248 kernel: Performance Events: unsupported p6 CPU model 85 no PMU driver, software events only.
Oct  6 00:56:42 ip-172-31-28-248 kernel: rcu: Hierarchical SRCU implementation.
Oct  6 00:56:42 ip-172-31-28-248 kernel: rcu: #011Max phase no-delay instances is 1000.
Oct  6 00:56:42 ip-172-31-28-248 kernel: smp: Bringing up secondary CPUs ...
Oct  6 00:56:42 ip-172-31-28-248 kernel: x86: Booting SMP configuration:
Oct  6 00:56:42 ip-172-31-28-248 kernel: .... node  #0, CPUs:      #1
Oct  6 00:56:42 ip-172-31-28-248 kernel: MDS CPU bug present and SMT on, data leak possible. See https://www.kernel.org/doc/html/latest/admin-guide/hw-vuln/mds.html for more details.
Oct  6 00:56:42 ip-172-31-28-248 kernel: MMIO Stale Data CPU bug present and SMT on, data leak possible. See https://www.kernel.org/doc/html/latest/admin-guide/hw-vuln/processor_mmio_stale_data.html for more details.
Oct  6 00:56:42 ip-172-31-28-248 kernel: smp: Brought up 1 node, 2 CPUs
Oct  6 00:56:42 ip-172-31-28-248 kernel: smpboot: Max logical packages: 1
Oct  6 00:56:42 ip-172-31-28-248 kernel: smpboot: Total of 2 processors activated (9999.99 BogoMIPS)
Oct  6 00:56:42 ip-172-31-28-248 kernel: node 0 deferred pages initialised in 0ms
Oct  6 00:56:42 ip-172-31-28-248 kernel: devtmpfs: initialized
Oct  6 00:56:42 ip-172-31-28-248 kernel: x86/mm: Memory block size: 128MB
Oct  6 00:56:42 ip-172-31-28-248 kernel: ACPI: PM: Registering ACPI NVS region [mem 0x3935e000-0x393ddfff] (524288 bytes)
Oct  6 00:56:42 ip-172-31-28-248 kernel: clocksource: jiffies: mask: 0xffffffff max_cycles: 0xffffffff, max_idle_ns: 19112604462750000 ns
Oct  6 00:56:42 ip-172-31-28-248 kernel: futex hash table entries: 512 (order: 3, 32768 bytes, linear)
Oct  6 00:56:42 ip-172-31-28-248 kernel: NET: Registered PF_NETLINK/PF_ROUTE protocol family
Oct  6 00:56:42 ip-172-31-28-248 kernel: DMA: preallocated 128 KiB GFP_KERNEL pool for atomic allocations
Oct  6 00:56:42 ip-172-31-28-248 kernel: DMA: preallocated 128 KiB GFP_KERNEL|GFP_DMA pool for atomic allocations
Oct  6 00:56:42 ip-172-31-28-248 kernel: DMA: preallocated 128 KiB GFP_KERNEL|GFP_DMA32 pool for atomic allocations
Oct  6 00:56:42 ip-172-31-28-248 kernel: audit: initializing netlink subsys (disabled)
Oct  6 00:56:42 ip-172-31-28-248 kernel: audit: type=2000 audit(1696553802.157:1): state=initialized audit_enabled=0 res=1
Oct  6 00:56:42 ip-172-31-28-248 kernel: thermal_sys: Registered thermal governor 'fair_share'
Oct  6 00:56:42 ip-172-31-28-248 kernel: thermal_sys: Registered thermal governor 'step_wise'
Oct  6 00:56:42 ip-172-31-28-248 kernel: thermal_sys: Registered thermal governor 'user_space'
Oct  6 00:56:42 ip-172-31-28-248 kernel: cpuidle: using governor ladder
Oct  6 00:56:42 ip-172-31-28-248 kernel: cpuidle: using governor menu
Oct  6 00:56:42 ip-172-31-28-248 kernel: acpiphp: ACPI Hot Plug PCI Controller Driver version: 0.5
Oct  6 00:56:42 ip-172-31-28-248 kernel: PCI: Using configuration type 1 for base access
Oct  6 00:56:42 ip-172-31-28-248 kernel: kprobes: kprobe jump-optimization is enabled. All kprobes are optimized if possible.
Oct  6 00:56:42 ip-172-31-28-248 kernel: HugeTLB: registered 1.00 GiB page size, pre-allocated 0 pages
Oct  6 00:56:42 ip-172-31-28-248 kernel: HugeTLB: 16380 KiB vmemmap can be freed for a 1.00 GiB page
Oct  6 00:56:42 ip-172-31-28-248 kernel: HugeTLB: registered 2.00 MiB page size, pre-allocated 0 pages
Oct  6 00:56:42 ip-172-31-28-248 kernel: HugeTLB: 28 KiB vmemmap can be freed for a 2.00 MiB page
Oct  6 00:56:42 ip-172-31-28-248 kernel: ACPI: Added _OSI(Module Device)
Oct  6 00:56:42 ip-172-31-28-248 kernel: ACPI: Added _OSI(Processor Device)
Oct  6 00:56:42 ip-172-31-28-248 kernel: ACPI: Added _OSI(3.0 _SCP Extensions)
Oct  6 00:56:42 ip-172-31-28-248 kernel: ACPI: Added _OSI(Processor Aggregator Device)
Oct  6 00:56:42 ip-172-31-28-248 kernel: ACPI: 3 ACPI AML tables successfully acquired and loaded
Oct  6 00:56:42 ip-172-31-28-248 kernel: ACPI: Interpreter enabled
Oct  6 00:56:42 ip-172-31-28-248 kernel: ACPI: PM: (supports S0 S4 S5)
Oct  6 00:56:42 ip-172-31-28-248 kernel: ACPI: Using IOAPIC for interrupt routing
Oct  6 00:56:42 ip-172-31-28-248 kernel: PCI: Using host bridge windows from ACPI; if necessary, use "pci=nocrs" and report a bug
Oct  6 00:56:42 ip-172-31-28-248 kernel: PCI: Using E820 reservations for host bridge windows
Oct  6 00:56:42 ip-172-31-28-248 kernel: ACPI: Enabled 2 GPEs in block 00 to 0F
Oct  6 00:56:42 ip-172-31-28-248 kernel: ACPI: PCI Root Bridge [PCI0] (domain 0000 [bus 00-ff])
Oct  6 00:56:42 ip-172-31-28-248 kernel: acpi PNP0A03:00: _OSC: OS supports [ASPM ClockPM Segments MSI HPX-Type3]
Oct  6 00:56:42 ip-172-31-28-248 kernel: acpi PNP0A03:00: _OSC: not requesting OS control; OS requires [ExtendedConfig ASPM ClockPM MSI]
Oct  6 00:56:42 ip-172-31-28-248 kernel: acpi PNP0A03:00: fail to add MMCONFIG information, can't access extended PCI configuration space under this bridge.
Oct  6 00:56:42 ip-172-31-28-248 kernel: acpiphp: Slot [3] registered
Oct  6 00:56:42 ip-172-31-28-248 kernel: acpiphp: Slot [4] registered
Oct  6 00:56:42 ip-172-31-28-248 kernel: acpiphp: Slot [5] registered
Oct  6 00:56:42 ip-172-31-28-248 kernel: acpiphp: Slot [6] registered
Oct  6 00:56:42 ip-172-31-28-248 kernel: acpiphp: Slot [7] registered
Oct  6 00:56:42 ip-172-31-28-248 kernel: acpiphp: Slot [8] registered
Oct  6 00:56:42 ip-172-31-28-248 kernel: acpiphp: Slot [9] registered
Oct  6 00:56:42 ip-172-31-28-248 kernel: acpiphp: Slot [10] registered
Oct  6 00:56:42 ip-172-31-28-248 kernel: acpiphp: Slot [11] registered
Oct  6 00:56:42 ip-172-31-28-248 kernel: acpiphp: Slot [12] registered
Oct  6 00:56:42 ip-172-31-28-248 kernel: acpiphp: Slot [13] registered
Oct  6 00:56:42 ip-172-31-28-248 kernel: acpiphp: Slot [14] registered
Oct  6 00:56:42 ip-172-31-28-248 kernel: acpiphp: Slot [15] registered
Oct  6 00:56:42 ip-172-31-28-248 kernel: acpiphp: Slot [16] registered
Oct  6 00:56:42 ip-172-31-28-248 kernel: acpiphp: Slot [17] registered
Oct  6 00:56:42 ip-172-31-28-248 kernel: acpiphp: Slot [18] registered
Oct  6 00:56:42 ip-172-31-28-248 kernel: acpiphp: Slot [19] registered
Oct  6 00:56:42 ip-172-31-28-248 kernel: acpiphp: Slot [20] registered
Oct  6 00:56:42 ip-172-31-28-248 kernel: acpiphp: Slot [21] registered
Oct  6 00:56:42 ip-172-31-28-248 kernel: acpiphp: Slot [22] registered
Oct  6 00:56:42 ip-172-31-28-248 kernel: acpiphp: Slot [23] registered
Oct  6 00:56:42 ip-172-31-28-248 kernel: acpiphp: Slot [24] registered
Oct  6 00:56:42 ip-172-31-28-248 kernel: acpiphp: Slot [25] registered
Oct  6 00:56:42 ip-172-31-28-248 kernel: acpiphp: Slot [26] registered
Oct  6 00:56:42 ip-172-31-28-248 kernel: acpiphp: Slot [27] registered
Oct  6 00:56:42 ip-172-31-28-248 kernel: acpiphp: Slot [28] registered
Oct  6 00:56:42 ip-172-31-28-248 kernel: acpiphp: Slot [29] registered
Oct  6 00:56:42 ip-172-31-28-248 kernel: acpiphp: Slot [30] registered
Oct  6 00:56:42 ip-172-31-28-248 kernel: acpiphp: Slot [31] registered
Oct  6 00:56:42 ip-172-31-28-248 kernel: PCI host bridge to bus 0000:00
Oct  6 00:56:42 ip-172-31-28-248 kernel: pci_bus 0000:00: root bus resource [io  0x0000-0x0cf7 window]
Oct  6 00:56:42 ip-172-31-28-248 kernel: pci_bus 0000:00: root bus resource [io  0x0d00-0xffff window]
Oct  6 00:56:42 ip-172-31-28-248 kernel: pci_bus 0000:00: root bus resource [mem 0x000a0000-0x000bffff window]
Oct  6 00:56:42 ip-172-31-28-248 kernel: pci_bus 0000:00: root bus resource [mem 0x80000000-0xfebfffff window]
Oct  6 00:56:42 ip-172-31-28-248 kernel: pci_bus 0000:00: root bus resource [mem 0x100000000-0x2000ffffffff window]
Oct  6 00:56:42 ip-172-31-28-248 kernel: pci_bus 0000:00: root bus resource [bus 00-ff]
Oct  6 00:56:42 ip-172-31-28-248 kernel: pci 0000:00:00.0: [8086:1237] type 00 class 0x060000
Oct  6 00:56:42 ip-172-31-28-248 kernel: pci 0000:00:01.0: [8086:7000] type 00 class 0x060100
Oct  6 00:56:42 ip-172-31-28-248 kernel: pci 0000:00:01.3: [8086:7113] type 00 class 0x000000
Oct  6 00:56:42 ip-172-31-28-248 kernel: pci 0000:00:01.3: quirk: [io  0xb000-0xb03f] claimed by PIIX4 ACPI
Oct  6 00:56:42 ip-172-31-28-248 kernel: pci 0000:00:01.3: PIIX4 devres E PIO at fff0-ffff
Oct  6 00:56:42 ip-172-31-28-248 kernel: pci 0000:00:01.3: PIIX4 devres F MMIO at ffc00000-ffffffff
Oct  6 00:56:42 ip-172-31-28-248 kernel: pci 0000:00:01.3: PIIX4 devres G PIO at fff0-ffff
Oct  6 00:56:42 ip-172-31-28-248 kernel: pci 0000:00:01.3: PIIX4 devres H MMIO at ffc00000-ffffffff
Oct  6 00:56:42 ip-172-31-28-248 kernel: pci 0000:00:01.3: PIIX4 devres I PIO at fff0-ffff
Oct  6 00:56:42 ip-172-31-28-248 kernel: pci 0000:00:01.3: PIIX4 devres J PIO at fff0-ffff
Oct  6 00:56:42 ip-172-31-28-248 kernel: pci 0000:00:03.0: [1d0f:1111] type 00 class 0x030000
Oct  6 00:56:42 ip-172-31-28-248 kernel: pci 0000:00:03.0: reg 0x10: [mem 0x80000000-0x803fffff pref]
Oct  6 00:56:42 ip-172-31-28-248 kernel: pci 0000:00:03.0: reg 0x30: [mem 0xffff0000-0xffffffff pref]
Oct  6 00:56:42 ip-172-31-28-248 kernel: pci 0000:00:03.0: Video device with shadowed ROM at [mem 0x000c0000-0x000dffff]
Oct  6 00:56:42 ip-172-31-28-248 kernel: pci 0000:00:04.0: [1d0f:8061] type 00 class 0x010802
Oct  6 00:56:42 ip-172-31-28-248 kernel: pci 0000:00:04.0: reg 0x10: [mem 0x80404000-0x80407fff]
Oct  6 00:56:42 ip-172-31-28-248 kernel: pci 0000:00:05.0: [1d0f:ec20] type 00 class 0x020000
Oct  6 00:56:42 ip-172-31-28-248 kernel: pci 0000:00:05.0: reg 0x10: [mem 0x80400000-0x80403fff]
Oct  6 00:56:42 ip-172-31-28-248 kernel: ACPI: PCI: Interrupt link LNKA configured for IRQ 10
Oct  6 00:56:42 ip-172-31-28-248 kernel: ACPI: PCI: Interrupt link LNKB configured for IRQ 10
Oct  6 00:56:42 ip-172-31-28-248 kernel: ACPI: PCI: Interrupt link LNKC configured for IRQ 11
Oct  6 00:56:42 ip-172-31-28-248 kernel: ACPI: PCI: Interrupt link LNKD configured for IRQ 11
Oct  6 00:56:42 ip-172-31-28-248 kernel: ACPI: PCI: Interrupt link LNKS configured for IRQ 9
Oct  6 00:56:42 ip-172-31-28-248 kernel: iommu: Default domain type: Translated 
Oct  6 00:56:42 ip-172-31-28-248 kernel: iommu: DMA domain TLB invalidation policy: lazy mode 
Oct  6 00:56:42 ip-172-31-28-248 kernel: EDAC MC: Ver: 3.0.0
Oct  6 00:56:42 ip-172-31-28-248 kernel: Registered efivars operations
Oct  6 00:56:42 ip-172-31-28-248 kernel: NetLabel: Initializing
Oct  6 00:56:42 ip-172-31-28-248 kernel: NetLabel:  domain hash size = 128
Oct  6 00:56:42 ip-172-31-28-248 kernel: NetLabel:  protocols = UNLABELED CIPSOv4 CALIPSO
Oct  6 00:56:42 ip-172-31-28-248 kernel: NetLabel:  unlabeled traffic allowed by default
Oct  6 00:56:42 ip-172-31-28-248 kernel: PCI: Using ACPI for IRQ routing
Oct  6 00:56:42 ip-172-31-28-248 kernel: hpet0: at MMIO 0xfed00000, IRQs 2, 8, 0, 0, 0, 0, 0, 0
Oct  6 00:56:42 ip-172-31-28-248 kernel: hpet0: 8 comparators, 32-bit 62.500000 MHz counter
Oct  6 00:56:42 ip-172-31-28-248 kernel: clocksource: Switched to clocksource kvm-clock
Oct  6 00:56:42 ip-172-31-28-248 kernel: VFS: Disk quotas dquot_6.6.0
Oct  6 00:56:42 ip-172-31-28-248 kernel: VFS: Dquot-cache hash table entries: 512 (order 0, 4096 bytes)
Oct  6 00:56:42 ip-172-31-28-248 kernel: pnp: PnP ACPI init
Oct  6 00:56:42 ip-172-31-28-248 kernel: pnp: PnP ACPI: found 5 devices
Oct  6 00:56:42 ip-172-31-28-248 kernel: clocksource: acpi_pm: mask: 0xffffff max_cycles: 0xffffff, max_idle_ns: 2085701024 ns
Oct  6 00:56:42 ip-172-31-28-248 kernel: NET: Registered PF_INET protocol family
Oct  6 00:56:42 ip-172-31-28-248 kernel: IP idents hash table entries: 16384 (order: 5, 131072 bytes, linear)
Oct  6 00:56:42 ip-172-31-28-248 kernel: tcp_listen_portaddr_hash hash table entries: 512 (order: 1, 8192 bytes, linear)
Oct  6 00:56:42 ip-172-31-28-248 kernel: Table-perturb hash table entries: 65536 (order: 6, 262144 bytes, linear)
Oct  6 00:56:42 ip-172-31-28-248 kernel: TCP established hash table entries: 8192 (order: 4, 65536 bytes, linear)
Oct  6 00:56:42 ip-172-31-28-248 kernel: TCP bind hash table entries: 8192 (order: 6, 262144 bytes, linear)
Oct  6 00:56:42 ip-172-31-28-248 kernel: TCP: Hash tables configured (established 8192 bind 8192)
Oct  6 00:56:42 ip-172-31-28-248 kernel: MPTCP token hash table entries: 1024 (order: 2, 24576 bytes, linear)
Oct  6 00:56:42 ip-172-31-28-248 kernel: UDP hash table entries: 512 (order: 2, 16384 bytes, linear)
Oct  6 00:56:42 ip-172-31-28-248 kernel: UDP-Lite hash table entries: 512 (order: 2, 16384 bytes, linear)
Oct  6 00:56:42 ip-172-31-28-248 kernel: NET: Registered PF_UNIX/PF_LOCAL protocol family
Oct  6 00:56:42 ip-172-31-28-248 kernel: NET: Registered PF_XDP protocol family
Oct  6 00:56:42 ip-172-31-28-248 kernel: pci_bus 0000:00: resource 4 [io  0x0000-0x0cf7 window]
Oct  6 00:56:42 ip-172-31-28-248 kernel: pci_bus 0000:00: resource 5 [io  0x0d00-0xffff window]
Oct  6 00:56:42 ip-172-31-28-248 kernel: pci_bus 0000:00: resource 6 [mem 0x000a0000-0x000bffff window]
Oct  6 00:56:42 ip-172-31-28-248 kernel: pci_bus 0000:00: resource 7 [mem 0x80000000-0xfebfffff window]
Oct  6 00:56:42 ip-172-31-28-248 kernel: pci_bus 0000:00: resource 8 [mem 0x100000000-0x2000ffffffff window]
Oct  6 00:56:42 ip-172-31-28-248 kernel: pci 0000:00:00.0: Limiting direct PCI/PCI transfers
Oct  6 00:56:42 ip-172-31-28-248 kernel: PCI: CLS 0 bytes, default 64
Oct  6 00:56:42 ip-172-31-28-248 kernel: Trying to unpack rootfs image as initramfs...
Oct  6 00:56:42 ip-172-31-28-248 kernel: clocksource: tsc: mask: 0xffffffffffffffff max_cycles: 0x240937b9988, max_idle_ns: 440795218083 ns
Oct  6 00:56:42 ip-172-31-28-248 kernel: clocksource: Switched to clocksource tsc
Oct  6 00:56:42 ip-172-31-28-248 kernel: Initialise system trusted keyrings
Oct  6 00:56:42 ip-172-31-28-248 kernel: Key type blacklist registered
Oct  6 00:56:42 ip-172-31-28-248 kernel: workingset: timestamp_bits=36 max_order=18 bucket_order=0
Oct  6 00:56:42 ip-172-31-28-248 kernel: zbud: loaded
Oct  6 00:56:42 ip-172-31-28-248 kernel: SGI XFS with ACLs, security attributes, quota, no debug enabled
Oct  6 00:56:42 ip-172-31-28-248 kernel: Key type asymmetric registered
Oct  6 00:56:42 ip-172-31-28-248 kernel: Asymmetric key parser 'x509' registered
Oct  6 00:56:42 ip-172-31-28-248 kernel: Block layer SCSI generic (bsg) driver version 0.4 loaded (major 251)
Oct  6 00:56:42 ip-172-31-28-248 kernel: io scheduler mq-deadline registered
Oct  6 00:56:42 ip-172-31-28-248 kernel: io scheduler kyber registered
Oct  6 00:56:42 ip-172-31-28-248 kernel: io scheduler bfq registered
Oct  6 00:56:42 ip-172-31-28-248 kernel: shpchp: Standard Hot Plug PCI Controller Driver version: 0.4
Oct  6 00:56:42 ip-172-31-28-248 kernel: Serial: 8250/16550 driver, 4 ports, IRQ sharing disabled
Oct  6 00:56:42 ip-172-31-28-248 kernel: 00:04: ttyS0 at I/O 0x3f8 (irq = 4, base_baud = 115200) is a 16550A
Oct  6 00:56:42 ip-172-31-28-248 kernel: AMD-Vi: AMD IOMMUv2 functionality not available on this system - This is not a bug.
Oct  6 00:56:42 ip-172-31-28-248 kernel: nvme nvme0: pci function 0000:00:04.0
Oct  6 00:56:42 ip-172-31-28-248 kernel: rtc_cmos 00:00: RTC can wake from S4
Oct  6 00:56:42 ip-172-31-28-248 kernel: ACPI: \_SB_.LNKD: Enabled at IRQ 11
Oct  6 00:56:42 ip-172-31-28-248 kernel: rtc_cmos 00:00: registered as rtc0
Oct  6 00:56:42 ip-172-31-28-248 kernel: rtc_cmos 00:00: setting system clock to 2023-10-06T00:56:41 UTC (1696553801)
Oct  6 00:56:42 ip-172-31-28-248 kernel: rtc_cmos 00:00: alarms up to one day, 114 bytes nvram
Oct  6 00:56:42 ip-172-31-28-248 kernel: intel_pstate: CPU model not supported
Oct  6 00:56:42 ip-172-31-28-248 kernel: pstore: Registered efi as persistent store backend
Oct  6 00:56:42 ip-172-31-28-248 kernel: hid: raw HID events driver (C) Jiri Kosina
Oct  6 00:56:42 ip-172-31-28-248 kernel: NET: Registered PF_INET6 protocol family
Oct  6 00:56:42 ip-172-31-28-248 kernel: nvme nvme0: 2/0/0 default/read/poll queues
Oct  6 00:56:42 ip-172-31-28-248 kernel: nvme0n1: p1 p127 p128
Oct  6 00:56:42 ip-172-31-28-248 kernel: Freeing initrd memory: 12944K
Oct  6 00:56:42 ip-172-31-28-248 kernel: Segment Routing with IPv6
Oct  6 00:56:42 ip-172-31-28-248 kernel: In-situ OAM (IOAM) with IPv6
Oct  6 00:56:42 ip-172-31-28-248 kernel: NET: Registered PF_PACKET protocol family
Oct  6 00:56:42 ip-172-31-28-248 kernel: IPI shorthand broadcast: enabled
Oct  6 00:56:42 ip-172-31-28-248 kernel: sched_clock: Marking stable (259769657, 3310318)->(289327351, -26247376)
Oct  6 00:56:42 ip-172-31-28-248 kernel: registered taskstats version 1
Oct  6 00:56:42 ip-172-31-28-248 kernel: Loading compiled-in X.509 certificates
Oct  6 00:56:42 ip-172-31-28-248 kernel: Loaded X.509 cert 'Amazon.com: Amazon Linux Kernel Signing Key: 8d73c3916c609c4f1c933325901e642634e1e40e'
Oct  6 00:56:42 ip-172-31-28-248 kernel: zswap: loaded using pool lzo/zbud
Oct  6 00:56:42 ip-172-31-28-248 kernel: Key type .fscrypt registered
Oct  6 00:56:42 ip-172-31-28-248 kernel: Key type fscrypt-provisioning registered
Oct  6 00:56:42 ip-172-31-28-248 kernel: pstore: Using crash dump compression: deflate
Oct  6 00:56:42 ip-172-31-28-248 kernel: ima: No TPM chip found, activating TPM-bypass!
Oct  6 00:56:42 ip-172-31-28-248 kernel: ima: Allocated hash algorithm: sha256
Oct  6 00:56:42 ip-172-31-28-248 kernel: ima: No architecture policies found
Oct  6 00:56:42 ip-172-31-28-248 kernel: Freeing unused decrypted memory: 2036K
Oct  6 00:56:42 ip-172-31-28-248 kernel: Freeing unused kernel image (initmem) memory: 2208K
Oct  6 00:56:42 ip-172-31-28-248 kernel: Write protecting the kernel read-only data: 26624k
Oct  6 00:56:42 ip-172-31-28-248 kernel: Freeing unused kernel image (text/rodata gap) memory: 2036K
Oct  6 00:56:42 ip-172-31-28-248 kernel: Freeing unused kernel image (rodata/data gap) memory: 1984K
Oct  6 00:56:42 ip-172-31-28-248 kernel: Run /init as init process
Oct  6 00:56:42 ip-172-31-28-248 systemd[1]: systemd 252.4-1161.amzn2023.0.4 running in system mode (+PAM +AUDIT +SELINUX -APPARMOR +IMA +SMACK +SECCOMP -GCRYPT -GNUTLS +OPENSSL +ACL +BLKID +CURL +ELFUTILS +FIDO2 +IDN2 -IDN -IPTC +KMOD +LIBCRYPTSETUP +LIBFDISK +PCRE2 +PWQUALITY +P11KIT +QRENCODE +TPM2 -BZIP2 -LZ4 +XZ -ZLIB -ZSTD +BPF_FRAMEWORK +XKBCOMMON +UTMP +SYSVINIT default-hierarchy=unified)
Oct  6 00:56:42 ip-172-31-28-248 systemd[1]: Detected virtualization amazon.
Oct  6 00:56:42 ip-172-31-28-248 systemd[1]: Detected architecture x86-64.
Oct  6 00:56:42 ip-172-31-28-248 systemd[1]: Running in initrd.
Oct  6 00:56:42 ip-172-31-28-248 systemd[1]: No hostname configured, using default hostname.
Oct  6 00:56:42 ip-172-31-28-248 systemd[1]: Hostname set to <localhost>.
Oct  6 00:56:42 ip-172-31-28-248 systemd[1]: Initializing machine ID from VM UUID.
Oct  6 00:56:42 ip-172-31-28-248 systemd[1]: Queued start job for default target initrd.target.
Oct  6 00:56:42 ip-172-31-28-248 systemd[1]: Started systemd-ask-password-console.path - Dispatch Password Requests to Console Directory Watch.
Oct  6 00:56:42 ip-172-31-28-248 systemd[1]: Reached target initrd-usr-fs.target - Initrd /usr File System.
Oct  6 00:56:42 ip-172-31-28-248 systemd[1]: Reached target local-fs.target - Local File Systems.
Oct  6 00:56:42 ip-172-31-28-248 systemd[1]: Reached target paths.target - Path Units.
Oct  6 00:56:42 ip-172-31-28-248 systemd[1]: Reached target slices.target - Slice Units.
Oct  6 00:56:42 ip-172-31-28-248 systemd[1]: Reached target swap.target - Swaps.
Oct  6 00:56:42 ip-172-31-28-248 systemd[1]: Reached target timers.target - Timer Units.
Oct  6 00:56:42 ip-172-31-28-248 systemd[1]: Listening on systemd-journald-audit.socket - Journal Audit Socket.
Oct  6 00:56:42 ip-172-31-28-248 systemd[1]: Listening on systemd-journald-dev-log.socket - Journal Socket (/dev/log).
Oct  6 00:56:42 ip-172-31-28-248 systemd[1]: Listening on systemd-journald.socket - Journal Socket.
Oct  6 00:56:42 ip-172-31-28-248 systemd[1]: Listening on systemd-udevd-control.socket - udev Control Socket.
Oct  6 00:56:42 ip-172-31-28-248 systemd[1]: Listening on systemd-udevd-kernel.socket - udev Kernel Socket.
Oct  6 00:56:42 ip-172-31-28-248 systemd[1]: Reached target sockets.target - Socket Units.
Oct  6 00:56:42 ip-172-31-28-248 systemd[1]: kmod-static-nodes.service - Create List of Static Device Nodes was skipped because of an unmet condition check (ConditionFileNotEmpty=/lib/modules/6.1.41-63.114.amzn2023.x86_64/modules.devname).
Oct  6 00:56:42 ip-172-31-28-248 systemd[1]: Started rngd.service - Hardware RNG Entropy Gatherer Daemon.
Oct  6 00:56:42 ip-172-31-28-248 systemd[1]: Starting systemd-journald.service - Journal Service...
Oct  6 00:56:42 ip-172-31-28-248 systemd[1]: systemd-modules-load.service - Load Kernel Modules was skipped because no trigger condition checks were met.
Oct  6 00:56:42 ip-172-31-28-248 systemd[1]: Starting systemd-sysctl.service - Apply Kernel Variables...
Oct  6 00:56:42 ip-172-31-28-248 systemd[1]: Starting systemd-tmpfiles-setup-dev.service - Create Static Device Nodes in /dev...
Oct  6 00:56:42 ip-172-31-28-248 systemd[1]: Starting systemd-vconsole-setup.service - Setup Virtual Console...
Oct  6 00:56:42 ip-172-31-28-248 systemd[1]: Finished systemd-tmpfiles-setup-dev.service - Create Static Device Nodes in /dev.
Oct  6 00:56:42 ip-172-31-28-248 systemd[1]: Finished systemd-vconsole-setup.service - Setup Virtual Console.
Oct  6 00:56:42 ip-172-31-28-248 systemd[1]: dracut-cmdline-ask.service - dracut ask for additional cmdline parameters was skipped because no trigger condition checks were met.
Oct  6 00:56:42 ip-172-31-28-248 systemd[1]: Starting dracut-cmdline.service - dracut cmdline hook...
Oct  6 00:56:42 ip-172-31-28-248 systemd[1]: Finished systemd-sysctl.service - Apply Kernel Variables.
Oct  6 00:56:42 ip-172-31-28-248 systemd-journald[302]: Journal started
Oct  6 00:56:42 ip-172-31-28-248 systemd-journald[302]: Runtime Journal (/run/log/journal/ec2eb099ebd247e609b428a024ef32ec) is 2.2M, max 18.1M, 15.8M free.
Oct  6 00:56:42 ip-172-31-28-248 audit[1]: SERVICE_START pid=1 uid=0 auid=4294967295 ses=4294967295 subj=kernel msg='unit=systemd-journald comm="systemd" exe="/usr/lib/systemd/systemd" hostname=? addr=? terminal=? res=success'
Oct  6 00:56:42 ip-172-31-28-248 systemd[1]: Starting systemd-tmpfiles-setup.service - Create Volatile Files and Directories...
Oct  6 00:56:42 ip-172-31-28-248 systemd[1]: Started systemd-journald.service - Journal Service.
Oct  6 00:56:42 ip-172-31-28-248 kernel: audit: type=1130 audit(1696553802.029:2): pid=1 uid=0 auid=4294967295 ses=4294967295 subj=kernel msg='unit=systemd-journald comm="systemd" exe="/usr/lib/systemd/systemd" hostname=? addr=? terminal=? res=success'
Oct  6 00:56:42 ip-172-31-28-248 rngd[301]: Initializing available sources
Oct  6 00:56:42 ip-172-31-28-248 rngd[301]: [hwrng ]: Initialization Failed
Oct  6 00:56:42 ip-172-31-28-248 rngd[301]: [rdrand]: Enabling RDSEED rng support
Oct  6 00:56:42 ip-172-31-28-248 rngd[301]: [rdrand]: Initialized
Oct  6 00:56:42 ip-172-31-28-248 dracut-cmdline[309]: dracut-2023 dracut-055-6.amzn2023.0.8
Oct  6 00:56:42 ip-172-31-28-248 dracut-cmdline[309]: Using kernel command line parameters:    BOOT_IMAGE=(hd0,gpt1)/boot/vmlinuz-6.1.41-63.114.amzn2023.x86_64 root=UUID=4870ba44-116b-4b5f-b59a-12bad1cba74c ro console=tty0 console=ttyS0,115200n8 nvme_core.io_timeout=4294967295 rd.emergency=poweroff rd.shell=0 selinux=1 security=selinux quiet
Oct  6 00:56:42 ip-172-31-28-248 systemd[1]: Finished systemd-tmpfiles-setup.service - Create Volatile Files and Directories.
Oct  6 00:56:42 ip-172-31-28-248 audit[1]: SERVICE_START pid=1 uid=0 auid=4294967295 ses=4294967295 subj=kernel msg='unit=systemd-tmpfiles-setup comm="systemd" exe="/usr/lib/systemd/systemd" hostname=? addr=? terminal=? res=success'
Oct  6 00:56:42 ip-172-31-28-248 kernel: audit: type=1130 audit(1696553802.049:3): pid=1 uid=0 auid=4294967295 ses=4294967295 subj=kernel msg='unit=systemd-tmpfiles-setup comm="systemd" exe="/usr/lib/systemd/systemd" hostname=? addr=? terminal=? res=success'
Oct  6 00:56:42 ip-172-31-28-248 rngd[301]: [jitter]: Initializing AES buffer
Oct  6 00:56:42 ip-172-31-28-248 kernel: audit: type=1130 audit(1696553802.089:4): pid=1 uid=0 auid=4294967295 ses=4294967295 subj=kernel msg='unit=dracut-cmdline comm="systemd" exe="/usr/lib/systemd/systemd" hostname=? addr=? terminal=? res=success'
Oct  6 00:56:42 ip-172-31-28-248 kernel: audit: type=1334 audit(1696553802.099:5): prog-id=6 op=LOAD
Oct  6 00:56:42 ip-172-31-28-248 kernel: audit: type=1334 audit(1696553802.099:6): prog-id=7 op=LOAD
Oct  6 00:56:42 ip-172-31-28-248 audit[1]: SERVICE_START pid=1 uid=0 auid=4294967295 ses=4294967295 subj=kernel msg='unit=dracut-cmdline comm="systemd" exe="/usr/lib/systemd/systemd" hostname=? addr=? terminal=? res=success'
Oct  6 00:56:42 ip-172-31-28-248 audit: BPF prog-id=6 op=LOAD
Oct  6 00:56:42 ip-172-31-28-248 audit: BPF prog-id=7 op=LOAD
Oct  6 00:56:42 ip-172-31-28-248 systemd[1]: Finished dracut-cmdline.service - dracut cmdline hook.
Oct  6 00:56:42 ip-172-31-28-248 systemd[1]: dracut-pre-udev.service - dracut pre-udev hook was skipped because no trigger condition checks were met.
Oct  6 00:56:42 ip-172-31-28-248 systemd[1]: Starting systemd-udevd.service - Rule-based Manager for Device Events and Files...
Oct  6 00:56:42 ip-172-31-28-248 systemd-udevd[364]: Using default interface naming scheme 'v252'.
Oct  6 00:56:42 ip-172-31-28-248 audit[1]: SERVICE_START pid=1 uid=0 auid=4294967295 ses=4294967295 subj=kernel msg='unit=systemd-udevd comm="systemd" exe="/usr/lib/systemd/systemd" hostname=? addr=? terminal=? res=success'
Oct  6 00:56:42 ip-172-31-28-248 systemd[1]: Started systemd-udevd.service - Rule-based Manager for Device Events and Files.
Oct  6 00:56:42 ip-172-31-28-248 systemd[1]: Starting dracut-pre-trigger.service - dracut pre-trigger hook...
Oct  6 00:56:42 ip-172-31-28-248 kernel: audit: type=1130 audit(1696553802.159:7): pid=1 uid=0 auid=4294967295 ses=4294967295 subj=kernel msg='unit=systemd-udevd comm="systemd" exe="/usr/lib/systemd/systemd" hostname=? addr=? terminal=? res=success'
Oct  6 00:56:42 ip-172-31-28-248 systemd[1]: Finished dracut-pre-trigger.service - dracut pre-trigger hook.
Oct  6 00:56:42 ip-172-31-28-248 systemd[1]: Starting systemd-udev-trigger.service - Coldplug All udev Devices...
Oct  6 00:56:42 ip-172-31-28-248 audit[1]: SERVICE_START pid=1 uid=0 auid=4294967295 ses=4294967295 subj=kernel msg='unit=dracut-pre-trigger comm="systemd" exe="/usr/lib/systemd/systemd" hostname=? addr=? terminal=? res=success'
Oct  6 00:56:42 ip-172-31-28-248 kernel: audit: type=1130 audit(1696553802.199:8): pid=1 uid=0 auid=4294967295 ses=4294967295 subj=kernel msg='unit=dracut-pre-trigger comm="systemd" exe="/usr/lib/systemd/systemd" hostname=? addr=? terminal=? res=success'
Oct  6 00:56:42 ip-172-31-28-248 systemd[1]: Finished systemd-udev-trigger.service - Coldplug All udev Devices.
Oct  6 00:56:42 ip-172-31-28-248 systemd[1]: Reached target sysinit.target - System Initialization.
Oct  6 00:56:42 ip-172-31-28-248 systemd[1]: Reached target basic.target - Basic System.
Oct  6 00:56:42 ip-172-31-28-248 systemd[1]: dracut-initqueue.service - dracut initqueue hook was skipped because no trigger condition checks were met.
Oct  6 00:56:42 ip-172-31-28-248 systemd[1]: Reached target remote-fs-pre.target - Preparation for Remote File Systems.
Oct  6 00:56:42 ip-172-31-28-248 systemd[1]: Reached target remote-fs.target - Remote File Systems.
Oct  6 00:56:42 ip-172-31-28-248 systemd[1]: dracut-pre-mount.service - dracut pre-mount hook was skipped because no trigger condition checks were met.
Oct  6 00:56:42 ip-172-31-28-248 audit[1]: SERVICE_START pid=1 uid=0 auid=4294967295 ses=4294967295 subj=kernel msg='unit=systemd-udev-trigger comm="systemd" exe="/usr/lib/systemd/systemd" hostname=? addr=? terminal=? res=success'
Oct  6 00:56:42 ip-172-31-28-248 kernel: audit: type=1130 audit(1696553802.299:9): pid=1 uid=0 auid=4294967295 ses=4294967295 subj=kernel msg='unit=systemd-udev-trigger comm="systemd" exe="/usr/lib/systemd/systemd" hostname=? addr=? terminal=? res=success'
Oct  6 00:56:42 ip-172-31-28-248 systemd[1]: Found device dev-disk-by\x2duuid-4870ba44\x2d116b\x2d4b5f\x2db59a\x2d12bad1cba74c.device - Amazon Elastic Block Store /.
Oct  6 00:56:42 ip-172-31-28-248 systemd[1]: Reached target initrd-root-device.target - Initrd Root Device.
Oct  6 00:56:43 ip-172-31-28-248 systemd[1]: Mounting sysroot.mount - /sysroot...
Oct  6 00:56:43 ip-172-31-28-248 kernel: XFS (nvme0n1p1): Mounting V5 Filesystem
Oct  6 00:56:43 ip-172-31-28-248 kernel: XFS (nvme0n1p1): Ending clean mount
Oct  6 00:56:43 ip-172-31-28-248 systemd[1]: Mounted sysroot.mount - /sysroot.
Oct  6 00:56:43 ip-172-31-28-248 systemd[1]: Reached target initrd-root-fs.target - Initrd Root File System.
Oct  6 00:56:43 ip-172-31-28-248 systemd[1]: Starting initrd-parse-etc.service - Mountpoints Configured in the Real Root...
Oct  6 00:56:43 ip-172-31-28-248 systemd[1]: initrd-parse-etc.service: Deactivated successfully.
Oct  6 00:56:43 ip-172-31-28-248 systemd[1]: Finished initrd-parse-etc.service - Mountpoints Configured in the Real Root.
Oct  6 00:56:43 ip-172-31-28-248 audit[1]: SERVICE_START pid=1 uid=0 auid=4294967295 ses=4294967295 subj=kernel msg='unit=initrd-parse-etc comm="systemd" exe="/usr/lib/systemd/systemd" hostname=? addr=? terminal=? res=success'
Oct  6 00:56:43 ip-172-31-28-248 audit[1]: SERVICE_STOP pid=1 uid=0 auid=4294967295 ses=4294967295 subj=kernel msg='unit=initrd-parse-etc comm="systemd" exe="/usr/lib/systemd/systemd" hostname=? addr=? terminal=? res=success'
Oct  6 00:56:43 ip-172-31-28-248 systemd[1]: Reached target initrd-fs.target - Initrd File Systems.
Oct  6 00:56:43 ip-172-31-28-248 systemd[1]: Reached target initrd.target - Initrd Default Target.
Oct  6 00:56:43 ip-172-31-28-248 systemd[1]: dracut-mount.service - dracut mount hook was skipped because no trigger condition checks were met.
Oct  6 00:56:43 ip-172-31-28-248 systemd[1]: dracut-pre-pivot.service - dracut pre-pivot and cleanup hook was skipped because no trigger condition checks were met.
Oct  6 00:56:43 ip-172-31-28-248 systemd[1]: Starting initrd-cleanup.service - Cleaning Up and Shutting Down Daemons...
Oct  6 00:56:43 ip-172-31-28-248 kernel: audit: type=1130 audit(1696553803.299:10): pid=1 uid=0 auid=4294967295 ses=4294967295 subj=kernel msg='unit=initrd-parse-etc comm="systemd" exe="/usr/lib/systemd/systemd" hostname=? addr=? terminal=? res=success'
Oct  6 00:56:43 ip-172-31-28-248 systemd[1]: Stopped target initrd.target - Initrd Default Target.
Oct  6 00:56:43 ip-172-31-28-248 systemd[1]: Stopped target basic.target - Basic System.
Oct  6 00:56:43 ip-172-31-28-248 systemd[1]: Stopped target initrd-root-device.target - Initrd Root Device.
Oct  6 00:56:43 ip-172-31-28-248 systemd[1]: Stopped target initrd-usr-fs.target - Initrd /usr File System.
Oct  6 00:56:43 ip-172-31-28-248 systemd[1]: Stopped target paths.target - Path Units.
Oct  6 00:56:43 ip-172-31-28-248 systemd[1]: systemd-ask-password-console.path: Deactivated successfully.
Oct  6 00:56:43 ip-172-31-28-248 systemd[1]: Stopped systemd-ask-password-console.path - Dispatch Password Requests to Console Directory Watch.
Oct  6 00:56:43 ip-172-31-28-248 systemd[1]: Stopped target remote-fs.target - Remote File Systems.
Oct  6 00:56:43 ip-172-31-28-248 systemd[1]: Stopped target remote-fs-pre.target - Preparation for Remote File Systems.
Oct  6 00:56:43 ip-172-31-28-248 systemd[1]: Stopped target slices.target - Slice Units.
Oct  6 00:56:43 ip-172-31-28-248 systemd[1]: Stopped target sockets.target - Socket Units.
Oct  6 00:56:43 ip-172-31-28-248 systemd[1]: Stopped target sysinit.target - System Initialization.
Oct  6 00:56:43 ip-172-31-28-248 systemd[1]: Stopped target swap.target - Swaps.
Oct  6 00:56:43 ip-172-31-28-248 systemd[1]: Stopped target timers.target - Timer Units.
Oct  6 00:56:43 ip-172-31-28-248 systemd[1]: dracut-cmdline.service: Deactivated successfully.
Oct  6 00:56:43 ip-172-31-28-248 systemd[1]: Stopped dracut-cmdline.service - dracut cmdline hook.
Oct  6 00:56:43 ip-172-31-28-248 systemd[1]: systemd-sysctl.service: Deactivated successfully.
Oct  6 00:56:43 ip-172-31-28-248 systemd[1]: Stopped systemd-sysctl.service - Apply Kernel Variables.
Oct  6 00:56:43 ip-172-31-28-248 audit[1]: SERVICE_STOP pid=1 uid=0 auid=4294967295 ses=4294967295 subj=kernel msg='unit=dracut-cmdline comm="systemd" exe="/usr/lib/systemd/systemd" hostname=? addr=? terminal=? res=success'
Oct  6 00:56:43 ip-172-31-28-248 audit[1]: SERVICE_STOP pid=1 uid=0 auid=4294967295 ses=4294967295 subj=kernel msg='unit=systemd-sysctl comm="systemd" exe="/usr/lib/systemd/systemd" hostname=? addr=? terminal=? res=success'
Oct  6 00:56:43 ip-172-31-28-248 audit[1]: SERVICE_STOP pid=1 uid=0 auid=4294967295 ses=4294967295 subj=kernel msg='unit=systemd-tmpfiles-setup comm="systemd" exe="/usr/lib/systemd/systemd" hostname=? addr=? terminal=? res=success'
Oct  6 00:56:43 ip-172-31-28-248 systemd[1]: systemd-tmpfiles-setup.service: Deactivated successfully.
Oct  6 00:56:43 ip-172-31-28-248 systemd[1]: Stopped systemd-tmpfiles-setup.service - Create Volatile Files and Directories.
Oct  6 00:56:43 ip-172-31-28-248 audit[1]: SERVICE_STOP pid=1 uid=0 auid=4294967295 ses=4294967295 subj=kernel msg='unit=systemd-udev-trigger comm="systemd" exe="/usr/lib/systemd/systemd" hostname=? addr=? terminal=? res=success'
Oct  6 00:56:43 ip-172-31-28-248 systemd[1]: Stopped target local-fs.target - Local File Systems.
Oct  6 00:56:43 ip-172-31-28-248 systemd[1]: systemd-udev-trigger.service: Deactivated successfully.
Oct  6 00:56:43 ip-172-31-28-248 systemd[1]: Stopped systemd-udev-trigger.service - Coldplug All udev Devices.
Oct  6 00:56:43 ip-172-31-28-248 audit[1]: SERVICE_STOP pid=1 uid=0 auid=4294967295 ses=4294967295 subj=kernel msg='unit=dracut-pre-trigger comm="systemd" exe="/usr/lib/systemd/systemd" hostname=? addr=? terminal=? res=success'
Oct  6 00:56:43 ip-172-31-28-248 systemd[1]: dracut-pre-trigger.service: Deactivated successfully.
Oct  6 00:56:43 ip-172-31-28-248 systemd[1]: Stopped dracut-pre-trigger.service - dracut pre-trigger hook.
Oct  6 00:56:43 ip-172-31-28-248 systemd[1]: Stopping systemd-udevd.service - Rule-based Manager for Device Events and Files...
Oct  6 00:56:43 ip-172-31-28-248 systemd[1]: systemd-vconsole-setup.service: Deactivated successfully.
Oct  6 00:56:43 ip-172-31-28-248 systemd[1]: Stopped systemd-vconsole-setup.service - Setup Virtual Console.
Oct  6 00:56:43 ip-172-31-28-248 audit[1]: SERVICE_STOP pid=1 uid=0 auid=4294967295 ses=4294967295 subj=kernel msg='unit=systemd-vconsole-setup comm="systemd" exe="/usr/lib/systemd/systemd" hostname=? addr=? terminal=? res=success'
Oct  6 00:56:43 ip-172-31-28-248 systemd[1]: run-credentials-systemd\x2dtmpfiles\x2dsetup.service.mount: Deactivated successfully.
Oct  6 00:56:43 ip-172-31-28-248 systemd[1]: run-credentials-systemd\x2dsysctl.service.mount: Deactivated successfully.
Oct  6 00:56:43 ip-172-31-28-248 systemd[1]: initrd-cleanup.service: Deactivated successfully.
Oct  6 00:56:43 ip-172-31-28-248 systemd[1]: Finished initrd-cleanup.service - Cleaning Up and Shutting Down Daemons.
Oct  6 00:56:43 ip-172-31-28-248 audit[1]: SERVICE_START pid=1 uid=0 auid=4294967295 ses=4294967295 subj=kernel msg='unit=initrd-cleanup comm="systemd" exe="/usr/lib/systemd/systemd" hostname=? addr=? terminal=? res=success'
Oct  6 00:56:43 ip-172-31-28-248 audit[1]: SERVICE_STOP pid=1 uid=0 auid=4294967295 ses=4294967295 subj=kernel msg='unit=initrd-cleanup comm="systemd" exe="/usr/lib/systemd/systemd" hostname=? addr=? terminal=? res=success'
Oct  6 00:56:43 ip-172-31-28-248 systemd[1]: systemd-udevd.service: Deactivated successfully.
Oct  6 00:56:43 ip-172-31-28-248 systemd[1]: Stopped systemd-udevd.service - Rule-based Manager for Device Events and Files.
Oct  6 00:56:43 ip-172-31-28-248 systemd[1]: systemd-udevd-control.socket: Deactivated successfully.
Oct  6 00:56:43 ip-172-31-28-248 systemd[1]: Closed systemd-udevd-control.socket - udev Control Socket.
Oct  6 00:56:43 ip-172-31-28-248 systemd[1]: systemd-udevd-kernel.socket: Deactivated successfully.
Oct  6 00:56:43 ip-172-31-28-248 systemd[1]: Closed systemd-udevd-kernel.socket - udev Kernel Socket.
Oct  6 00:56:43 ip-172-31-28-248 audit[1]: SERVICE_STOP pid=1 uid=0 auid=4294967295 ses=4294967295 subj=kernel msg='unit=systemd-udevd comm="systemd" exe="/usr/lib/systemd/systemd" hostname=? addr=? terminal=? res=success'
Oct  6 00:56:43 ip-172-31-28-248 systemd[1]: Starting initrd-udevadm-cleanup-db.service - Cleanup udev Database...
Oct  6 00:56:43 ip-172-31-28-248 systemd[1]: Stopping rngd.service - Hardware RNG Entropy Gatherer Daemon...
Oct  6 00:56:43 ip-172-31-28-248 systemd[1]: systemd-tmpfiles-setup-dev.service: Deactivated successfully.
Oct  6 00:56:43 ip-172-31-28-248 systemd[1]: Stopped systemd-tmpfiles-setup-dev.service - Create Static Device Nodes in /dev.
Oct  6 00:56:43 ip-172-31-28-248 audit[1]: SERVICE_STOP pid=1 uid=0 auid=4294967295 ses=4294967295 subj=kernel msg='unit=systemd-tmpfiles-setup-dev comm="systemd" exe="/usr/lib/systemd/systemd" hostname=? addr=? terminal=? res=success'
Oct  6 00:56:43 ip-172-31-28-248 systemd[1]: run-credentials-systemd\x2dtmpfiles\x2dsetup\x2ddev.service.mount: Deactivated successfully.
Oct  6 00:56:43 ip-172-31-28-248 systemd[1]: initrd-udevadm-cleanup-db.service: Deactivated successfully.
Oct  6 00:56:43 ip-172-31-28-248 systemd[1]: Finished initrd-udevadm-cleanup-db.service - Cleanup udev Database.
Oct  6 00:56:43 ip-172-31-28-248 audit[1]: SERVICE_START pid=1 uid=0 auid=4294967295 ses=4294967295 subj=kernel msg='unit=initrd-udevadm-cleanup-db comm="systemd" exe="/usr/lib/systemd/systemd" hostname=? addr=? terminal=? res=success'
Oct  6 00:56:43 ip-172-31-28-248 audit[1]: SERVICE_STOP pid=1 uid=0 auid=4294967295 ses=4294967295 subj=kernel msg='unit=initrd-udevadm-cleanup-db comm="systemd" exe="/usr/lib/systemd/systemd" hostname=? addr=? terminal=? res=success'
Oct  6 00:56:43 ip-172-31-28-248 systemd[1]: rngd.service: Deactivated successfully.
Oct  6 00:56:43 ip-172-31-28-248 systemd[1]: Stopped rngd.service - Hardware RNG Entropy Gatherer Daemon.
Oct  6 00:56:43 ip-172-31-28-248 systemd[1]: rngd.service: Consumed 2.110s CPU time.
Oct  6 00:56:43 ip-172-31-28-248 audit[1]: SERVICE_STOP pid=1 uid=0 auid=4294967295 ses=4294967295 subj=kernel msg='unit=rngd comm="systemd" exe="/usr/lib/systemd/systemd" hostname=? addr=? terminal=? res=success'
Oct  6 00:56:43 ip-172-31-28-248 systemd[1]: Reached target initrd-switch-root.target - Switch Root.
Oct  6 00:56:43 ip-172-31-28-248 systemd[1]: Starting initrd-switch-root.service - Switch Root...
Oct  6 00:56:43 ip-172-31-28-248 systemd[1]: Switching root.
Oct  6 00:56:43 ip-172-31-28-248 systemd-journald[302]: Journal stopped
Oct  6 00:56:45 ip-172-31-28-248 systemd-journald[302]: Received SIGTERM from PID 1 (systemd).
Oct  6 00:56:45 ip-172-31-28-248 kernel: SELinux:  Class user_namespace not defined in policy.
Oct  6 00:56:45 ip-172-31-28-248 kernel: SELinux: the above unknown classes and permissions will be allowed
Oct  6 00:56:45 ip-172-31-28-248 kernel: SELinux:  policy capability network_peer_controls=1
Oct  6 00:56:45 ip-172-31-28-248 kernel: SELinux:  policy capability open_perms=1
Oct  6 00:56:45 ip-172-31-28-248 kernel: SELinux:  policy capability extended_socket_class=1
Oct  6 00:56:45 ip-172-31-28-248 kernel: SELinux:  policy capability always_check_network=0
Oct  6 00:56:45 ip-172-31-28-248 kernel: SELinux:  policy capability cgroup_seclabel=1
Oct  6 00:56:45 ip-172-31-28-248 kernel: SELinux:  policy capability nnp_nosuid_transition=1
Oct  6 00:56:45 ip-172-31-28-248 kernel: SELinux:  policy capability genfs_seclabel_symlinks=1
Oct  6 00:56:45 ip-172-31-28-248 kernel: SELinux:  policy capability ioctl_skip_cloexec=0
Oct  6 00:56:45 ip-172-31-28-248 systemd[1]: Successfully loaded SELinux policy in 284.337ms.
Oct  6 00:56:45 ip-172-31-28-248 systemd[1]: Relabelled /dev, /dev/shm, /run, /sys/fs/cgroup in 30.884ms.
Oct  6 00:56:45 ip-172-31-28-248 systemd[1]: systemd 252.4-1161.amzn2023.0.4 running in system mode (+PAM +AUDIT +SELINUX -APPARMOR +IMA +SMACK +SECCOMP -GCRYPT -GNUTLS +OPENSSL +ACL +BLKID +CURL +ELFUTILS +FIDO2 +IDN2 -IDN -IPTC +KMOD +LIBCRYPTSETUP +LIBFDISK +PCRE2 +PWQUALITY +P11KIT +QRENCODE +TPM2 -BZIP2 -LZ4 +XZ -ZLIB -ZSTD +BPF_FRAMEWORK +XKBCOMMON +UTMP +SYSVINIT default-hierarchy=unified)
Oct  6 00:56:45 ip-172-31-28-248 systemd[1]: Detected virtualization amazon.
Oct  6 00:56:45 ip-172-31-28-248 systemd[1]: Detected architecture x86-64.
Oct  6 00:56:45 ip-172-31-28-248 systemd[1]: Hostname set to <ip-172-31-28-248.us-west-2.compute.internal>.
Oct  6 00:56:45 ip-172-31-28-248 systemd[1]: Failed to open libbpf, cgroup BPF features disabled: Operation not supported
Oct  6 00:56:45 ip-172-31-28-248 systemd-sysv-generator[751]: SysV service '/etc/rc.d/init.d/cfn-hup' lacks a native systemd unit file. Automatically generating a unit file for compatibility. Please update package to include a native systemd unit file, in order to make it more safe and robust.
Oct  6 00:56:45 ip-172-31-28-248 systemd[1]: /usr/lib/systemd/system/acpid.socket:6: ListenStream= references a path below legacy directory /var/run/, updating /var/run/acpid.socket  /run/acpid.socket; please update the unit file accordingly.
Oct  6 00:56:45 ip-172-31-28-248 systemd[1]: initrd-switch-root.service: Deactivated successfully.
Oct  6 00:56:45 ip-172-31-28-248 systemd[1]: Stopped initrd-switch-root.service - Switch Root.
Oct  6 00:56:45 ip-172-31-28-248 systemd[1]: systemd-journald.service: Scheduled restart job, restart counter is at 1.
Oct  6 00:56:45 ip-172-31-28-248 systemd[1]: Created slice system-getty.slice - Slice /system/getty.
Oct  6 00:56:45 ip-172-31-28-248 systemd[1]: Created slice system-modprobe.slice - Slice /system/modprobe.
Oct  6 00:56:45 ip-172-31-28-248 systemd[1]: Created slice system-serial\x2dgetty.slice - Slice /system/serial-getty.
Oct  6 00:56:45 ip-172-31-28-248 systemd[1]: Created slice system-sshd\x2dkeygen.slice - Slice /system/sshd-keygen.
Oct  6 00:56:45 ip-172-31-28-248 systemd[1]: Created slice user.slice - User and Session Slice.
Oct  6 00:56:45 ip-172-31-28-248 systemd[1]: Started systemd-ask-password-console.path - Dispatch Password Requests to Console Directory Watch.
Oct  6 00:56:45 ip-172-31-28-248 systemd[1]: Started systemd-ask-password-wall.path - Forward Password Requests to Wall Directory Watch.
Oct  6 00:56:45 ip-172-31-28-248 systemd[1]: Set up automount proc-sys-fs-binfmt_misc.automount - Arbitrary Executable File Formats File System Automount Point.
Oct  6 00:56:45 ip-172-31-28-248 systemd[1]: Reached target aws-eb.target.
Oct  6 00:56:45 ip-172-31-28-248 systemd[1]: Reached target cryptsetup.target - Local Encrypted Volumes.
Oct  6 00:56:45 ip-172-31-28-248 systemd[1]: Stopped target initrd-switch-root.target - Switch Root.
Oct  6 00:56:45 ip-172-31-28-248 systemd[1]: Stopped target initrd-fs.target - Initrd File Systems.
Oct  6 00:56:45 ip-172-31-28-248 systemd[1]: Stopped target initrd-root-fs.target - Initrd Root File System.
Oct  6 00:56:45 ip-172-31-28-248 systemd[1]: Reached target integritysetup.target - Local Integrity Protected Volumes.
Oct  6 00:56:45 ip-172-31-28-248 systemd[1]: Reached target paths.target - Path Units.
Oct  6 00:56:45 ip-172-31-28-248 systemd[1]: Reached target slices.target - Slice Units.
Oct  6 00:56:45 ip-172-31-28-248 systemd[1]: Reached target swap.target - Swaps.
Oct  6 00:56:45 ip-172-31-28-248 systemd[1]: Reached target veritysetup.target - Local Verity Protected Volumes.
Oct  6 00:56:45 ip-172-31-28-248 systemd[1]: Listening on systemd-coredump.socket - Process Core Dump Socket.
Oct  6 00:56:45 ip-172-31-28-248 systemd[1]: Listening on systemd-initctl.socket - initctl Compatibility Named Pipe.
Oct  6 00:56:45 ip-172-31-28-248 systemd[1]: Listening on systemd-networkd.socket - Network Service Netlink Socket.
Oct  6 00:56:45 ip-172-31-28-248 systemd[1]: Listening on systemd-udevd-control.socket - udev Control Socket.
Oct  6 00:56:45 ip-172-31-28-248 systemd[1]: Listening on systemd-udevd-kernel.socket - udev Kernel Socket.
Oct  6 00:56:45 ip-172-31-28-248 systemd[1]: Listening on systemd-userdbd.socket - User Database Manager Socket.
Oct  6 00:56:45 ip-172-31-28-248 systemd[1]: Mounting dev-hugepages.mount - Huge Pages File System...
Oct  6 00:56:45 ip-172-31-28-248 systemd[1]: Mounting dev-mqueue.mount - POSIX Message Queue File System...
Oct  6 00:56:45 ip-172-31-28-248 systemd[1]: Mounting sys-kernel-debug.mount - Kernel Debug File System...
Oct  6 00:56:45 ip-172-31-28-248 systemd[1]: Mounting sys-kernel-tracing.mount - Kernel Trace File System...
Oct  6 00:56:45 ip-172-31-28-248 systemd[1]: Mounting tmp.mount - Temporary Directory /tmp...
Oct  6 00:56:45 ip-172-31-28-248 systemd[1]: auth-rpcgss-module.service - Kernel Module supporting RPCSEC_GSS was skipped because of an unmet condition check (ConditionPathExists=/etc/krb5.keytab).
Oct  6 00:56:45 ip-172-31-28-248 systemd[1]: Starting kmod-static-nodes.service - Create List of Static Device Nodes...
Oct  6 00:56:45 ip-172-31-28-248 systemd[1]: Starting modprobe@configfs.service - Load Kernel Module configfs...
Oct  6 00:56:45 ip-172-31-28-248 systemd[1]: Starting modprobe@drm.service - Load Kernel Module drm...
Oct  6 00:56:45 ip-172-31-28-248 systemd[1]: Starting modprobe@efi_pstore.service - Load Kernel Module efi_pstore...
Oct  6 00:56:45 ip-172-31-28-248 systemd[1]: Starting modprobe@fuse.service - Load Kernel Module fuse...
Oct  6 00:56:45 ip-172-31-28-248 systemd[1]: Starting nfs-convert.service - Preprocess NFS configuration convertion...
Oct  6 00:56:45 ip-172-31-28-248 systemd[1]: Starting systemd-fsck-root.service - File System Check on Root Device...
Oct  6 00:56:45 ip-172-31-28-248 systemd[1]: Stopped systemd-journald.service - Journal Service.
Oct  6 00:56:45 ip-172-31-28-248 systemd[1]: Starting systemd-journald.service - Journal Service...
Oct  6 00:56:45 ip-172-31-28-248 systemd[1]: systemd-modules-load.service - Load Kernel Modules was skipped because no trigger condition checks were met.
Oct  6 00:56:45 ip-172-31-28-248 systemd[1]: Starting systemd-network-generator.service - Generate network units from Kernel command line...
Oct  6 00:56:45 ip-172-31-28-248 systemd[1]: systemd-repart.service - Repartition Root Disk was skipped because no trigger condition checks were met.
Oct  6 00:56:45 ip-172-31-28-248 systemd[1]: Starting systemd-sysctl.service - Apply Kernel Variables...
Oct  6 00:56:45 ip-172-31-28-248 systemd[1]: Starting systemd-udev-trigger.service - Coldplug All udev Devices...
Oct  6 00:56:45 ip-172-31-28-248 systemd[1]: Mounted dev-hugepages.mount - Huge Pages File System.
Oct  6 00:56:45 ip-172-31-28-248 systemd[1]: Mounted dev-mqueue.mount - POSIX Message Queue File System.
Oct  6 00:56:45 ip-172-31-28-248 systemd[1]: Mounted sys-kernel-debug.mount - Kernel Debug File System.
Oct  6 00:56:45 ip-172-31-28-248 systemd[1]: Mounted sys-kernel-tracing.mount - Kernel Trace File System.
Oct  6 00:56:45 ip-172-31-28-248 systemd[1]: Mounted tmp.mount - Temporary Directory /tmp.
Oct  6 00:56:45 ip-172-31-28-248 systemd[1]: Finished kmod-static-nodes.service - Create List of Static Device Nodes.
Oct  6 00:56:45 ip-172-31-28-248 systemd[1]: modprobe@configfs.service: Deactivated successfully.
Oct  6 00:56:45 ip-172-31-28-248 systemd[1]: Finished modprobe@configfs.service - Load Kernel Module configfs.
Oct  6 00:56:45 ip-172-31-28-248 systemd[1]: modprobe@efi_pstore.service: Deactivated successfully.
Oct  6 00:56:45 ip-172-31-28-248 systemd[1]: Finished modprobe@efi_pstore.service - Load Kernel Module efi_pstore.
Oct  6 00:56:45 ip-172-31-28-248 systemd[1]: nfs-convert.service: Deactivated successfully.
Oct  6 00:56:45 ip-172-31-28-248 systemd[1]: Finished nfs-convert.service - Preprocess NFS configuration convertion.
Oct  6 00:56:45 ip-172-31-28-248 systemd[1]: Finished systemd-network-generator.service - Generate network units from Kernel command line.
Oct  6 00:56:45 ip-172-31-28-248 systemd[1]: Mounting sys-kernel-config.mount - Kernel Configuration File System...
Oct  6 00:56:45 ip-172-31-28-248 systemd[1]: Mounted sys-kernel-config.mount - Kernel Configuration File System.
Oct  6 00:56:45 ip-172-31-28-248 kernel: fuse: init (API version 7.37)
Oct  6 00:56:45 ip-172-31-28-248 systemd[1]: modprobe@fuse.service: Deactivated successfully.
Oct  6 00:56:45 ip-172-31-28-248 systemd[1]: Finished modprobe@fuse.service - Load Kernel Module fuse.
Oct  6 00:56:45 ip-172-31-28-248 systemd[1]: Mounting sys-fs-fuse-connections.mount - FUSE Control File System...
Oct  6 00:56:45 ip-172-31-28-248 systemd[1]: Mounted sys-fs-fuse-connections.mount - FUSE Control File System.
Oct  6 00:56:45 ip-172-31-28-248 systemd[1]: Finished systemd-fsck-root.service - File System Check on Root Device.
Oct  6 00:56:45 ip-172-31-28-248 systemd[1]: Starting systemd-remount-fs.service - Remount Root and Kernel File Systems...
Oct  6 00:56:45 ip-172-31-28-248 systemd[1]: Finished systemd-remount-fs.service - Remount Root and Kernel File Systems.
Oct  6 00:56:45 ip-172-31-28-248 systemd[1]: systemd-firstboot.service - First Boot Wizard was skipped because of an unmet condition check (ConditionFirstBoot=yes).
Oct  6 00:56:45 ip-172-31-28-248 systemd-journald[771]: Journal started
Oct  6 00:56:45 ip-172-31-28-248 systemd-journald[771]: Runtime Journal (/run/log/journal/ec27e8d6b8442728df422e5dcee79baf) is 2.2M, max 18.1M, 15.8M free.
Oct  6 00:56:45 ip-172-31-28-248 audit: MAC_POLICY_LOAD auid=4294967295 ses=4294967295 lsm=selinux res=1
Oct  6 00:56:45 ip-172-31-28-248 audit: BPF prog-id=8 op=LOAD
Oct  6 00:56:45 ip-172-31-28-248 audit: BPF prog-id=8 op=UNLOAD
Oct  6 00:56:45 ip-172-31-28-248 audit: BPF prog-id=9 op=LOAD
Oct  6 00:56:45 ip-172-31-28-248 audit: BPF prog-id=9 op=UNLOAD
Oct  6 00:56:45 ip-172-31-28-248 audit: BPF prog-id=10 op=LOAD
Oct  6 00:56:45 ip-172-31-28-248 audit: BPF prog-id=3 op=UNLOAD
Oct  6 00:56:45 ip-172-31-28-248 audit: BPF prog-id=11 op=LOAD
Oct  6 00:56:45 ip-172-31-28-248 audit: BPF prog-id=12 op=LOAD
Oct  6 00:56:45 ip-172-31-28-248 audit: BPF prog-id=4 op=UNLOAD
Oct  6 00:56:45 ip-172-31-28-248 audit: BPF prog-id=5 op=UNLOAD
Oct  6 00:56:45 ip-172-31-28-248 audit[1]: SERVICE_STOP pid=1 uid=0 auid=4294967295 ses=4294967295 subj=system_u:system_r:init_t:s0 msg='unit=systemd-journald comm="systemd" exe="/usr/lib/systemd/systemd" hostname=? addr=? terminal=? res=success'
Oct  6 00:56:45 ip-172-31-28-248 audit[1]: SERVICE_START pid=1 uid=0 auid=4294967295 ses=4294967295 subj=system_u:system_r:init_t:s0 msg='unit=initrd-switch-root comm="systemd" exe="/usr/lib/systemd/systemd" hostname=? addr=? terminal=? res=success'
Oct  6 00:56:45 ip-172-31-28-248 audit[1]: SERVICE_STOP pid=1 uid=0 auid=4294967295 ses=4294967295 subj=system_u:system_r:init_t:s0 msg='unit=initrd-switch-root comm="systemd" exe="/usr/lib/systemd/systemd" hostname=? addr=? terminal=? res=success'
Oct  6 00:56:45 ip-172-31-28-248 audit: BPF prog-id=10 op=UNLOAD
Oct  6 00:56:45 ip-172-31-28-248 audit[1]: SERVICE_START pid=1 uid=0 auid=4294967295 ses=4294967295 subj=system_u:system_r:init_t:s0 msg='unit=systemd-journald comm="systemd" exe="/usr/lib/systemd/systemd" hostname=? addr=? terminal=? res=success'
Oct  6 00:56:45 ip-172-31-28-248 audit[1]: SERVICE_STOP pid=1 uid=0 auid=4294967295 ses=4294967295 subj=system_u:system_r:init_t:s0 msg='unit=systemd-journald comm="systemd" exe="/usr/lib/systemd/systemd" hostname=? addr=? terminal=? res=success'
Oct  6 00:56:45 ip-172-31-28-248 audit: BPF prog-id=13 op=LOAD
Oct  6 00:56:45 ip-172-31-28-248 audit: BPF prog-id=14 op=LOAD
Oct  6 00:56:45 ip-172-31-28-248 audit: BPF prog-id=15 op=LOAD
Oct  6 00:56:45 ip-172-31-28-248 audit: BPF prog-id=12 op=UNLOAD
Oct  6 00:56:45 ip-172-31-28-248 audit: BPF prog-id=11 op=UNLOAD
Oct  6 00:56:45 ip-172-31-28-248 audit[1]: SERVICE_START pid=1 uid=0 auid=4294967295 ses=4294967295 subj=system_u:system_r:init_t:s0 msg='unit=kmod-static-nodes comm="systemd" exe="/usr/lib/systemd/systemd" hostname=? addr=? terminal=? res=success'
Oct  6 00:56:45 ip-172-31-28-248 audit[1]: SERVICE_START pid=1 uid=0 auid=4294967295 ses=4294967295 subj=system_u:system_r:init_t:s0 msg='unit=modprobe@configfs comm="systemd" exe="/usr/lib/systemd/systemd" hostname=? addr=? terminal=? res=success'
Oct  6 00:56:45 ip-172-31-28-248 audit[1]: SERVICE_STOP pid=1 uid=0 auid=4294967295 ses=4294967295 subj=system_u:system_r:init_t:s0 msg='unit=modprobe@configfs comm="systemd" exe="/usr/lib/systemd/systemd" hostname=? addr=? terminal=? res=success'
Oct  6 00:56:45 ip-172-31-28-248 audit[1]: SERVICE_START pid=1 uid=0 auid=4294967295 ses=4294967295 subj=system_u:system_r:init_t:s0 msg='unit=modprobe@efi_pstore comm="systemd" exe="/usr/lib/systemd/systemd" hostname=? addr=? terminal=? res=success'
Oct  6 00:56:45 ip-172-31-28-248 audit[1]: SERVICE_STOP pid=1 uid=0 auid=4294967295 ses=4294967295 subj=system_u:system_r:init_t:s0 msg='unit=modprobe@efi_pstore comm="systemd" exe="/usr/lib/systemd/systemd" hostname=? addr=? terminal=? res=success'
Oct  6 00:56:45 ip-172-31-28-248 audit[1]: SERVICE_START pid=1 uid=0 auid=4294967295 ses=4294967295 subj=system_u:system_r:init_t:s0 msg='unit=nfs-convert comm="systemd" exe="/usr/lib/systemd/systemd" hostname=? addr=? terminal=? res=success'
Oct  6 00:56:45 ip-172-31-28-248 audit[1]: SERVICE_STOP pid=1 uid=0 auid=4294967295 ses=4294967295 subj=system_u:system_r:init_t:s0 msg='unit=nfs-convert comm="systemd" exe="/usr/lib/systemd/systemd" hostname=? addr=? terminal=? res=success'
Oct  6 00:56:45 ip-172-31-28-248 audit[1]: SERVICE_START pid=1 uid=0 auid=4294967295 ses=4294967295 subj=system_u:system_r:init_t:s0 msg='unit=systemd-network-generator comm="systemd" exe="/usr/lib/systemd/systemd" hostname=? addr=? terminal=? res=success'
Oct  6 00:56:45 ip-172-31-28-248 audit[1]: SERVICE_START pid=1 uid=0 auid=4294967295 ses=4294967295 subj=system_u:system_r:init_t:s0 msg='unit=modprobe@fuse comm="systemd" exe="/usr/lib/systemd/systemd" hostname=? addr=? terminal=? res=success'
Oct  6 00:56:45 ip-172-31-28-248 audit[1]: SERVICE_STOP pid=1 uid=0 auid=4294967295 ses=4294967295 subj=system_u:system_r:init_t:s0 msg='unit=modprobe@fuse comm="systemd" exe="/usr/lib/systemd/systemd" hostname=? addr=? terminal=? res=success'
Oct  6 00:56:45 ip-172-31-28-248 audit: CONFIG_CHANGE op=set audit_enabled=1 old=1 auid=4294967295 ses=4294967295 subj=system_u:system_r:syslogd_t:s0 res=1
Oct  6 00:56:45 ip-172-31-28-248 audit[771]: SYSCALL arch=c000003e syscall=46 success=yes exit=60 a0=6 a1=7ffe72714010 a2=4000 a3=7ffe7271409c items=0 ppid=1 pid=771 auid=4294967295 uid=0 gid=0 euid=0 suid=0 fsuid=0 egid=0 sgid=0 fsgid=0 tty=(none) ses=4294967295 comm="systemd-journal" exe="/usr/lib/systemd/systemd-journald" subj=system_u:system_r:syslogd_t:s0 key=(null)
Oct  6 00:56:45 ip-172-31-28-248 audit: PROCTITLE proctitle="/usr/lib/systemd/systemd-journald"
Oct  6 00:56:45 ip-172-31-28-248 audit[1]: SERVICE_START pid=1 uid=0 auid=4294967295 ses=4294967295 subj=system_u:system_r:init_t:s0 msg='unit=systemd-fsck-root comm="systemd" exe="/usr/lib/systemd/systemd" hostname=? addr=? terminal=? res=success'
Oct  6 00:56:45 ip-172-31-28-248 audit[1]: SERVICE_START pid=1 uid=0 auid=4294967295 ses=4294967295 subj=system_u:system_r:init_t:s0 msg='unit=systemd-remount-fs comm="systemd" exe="/usr/lib/systemd/systemd" hostname=? addr=? terminal=? res=success'
Oct  6 00:56:45 ip-172-31-28-248 systemd[1]: Queued start job for default target graphical.target.
Oct  6 00:56:45 ip-172-31-28-248 systemd[1]: systemd-journald.service: Deactivated successfully.
Oct  6 00:56:45 ip-172-31-28-248 systemd[1]: systemd-hwdb-update.service - Rebuild Hardware Database was skipped because of an unmet condition check (ConditionNeedsUpdate=/etc).
Oct  6 00:56:45 ip-172-31-28-248 systemd[1]: systemd-pstore.service - Platform Persistent Storage Archival was skipped because of an unmet condition check (ConditionDirectoryNotEmpty=/sys/fs/pstore).
Oct  6 00:56:45 ip-172-31-28-248 systemd-fsck[789]: /usr/sbin/fsck.xfs: XFS file system.
Oct  6 00:56:45 ip-172-31-28-248 kernel: ACPI: bus type drm_connector registered
Oct  6 00:56:45 ip-172-31-28-248 systemd[1]: Starting systemd-random-seed.service - Load/Save Random Seed...
Oct  6 00:56:45 ip-172-31-28-248 systemd[1]: systemd-sysusers.service - Create System Users was skipped because no trigger condition checks were met.
Oct  6 00:56:45 ip-172-31-28-248 systemd[1]: Starting systemd-tmpfiles-setup-dev.service - Create Static Device Nodes in /dev...
Oct  6 00:56:45 ip-172-31-28-248 audit[1]: SERVICE_START pid=1 uid=0 auid=4294967295 ses=4294967295 subj=system_u:system_r:init_t:s0 msg='unit=systemd-journald comm="systemd" exe="/usr/lib/systemd/systemd" hostname=? addr=? terminal=? res=success'
Oct  6 00:56:45 ip-172-31-28-248 systemd[1]: modprobe@drm.service: Deactivated successfully.
Oct  6 00:56:45 ip-172-31-28-248 systemd[1]: Finished modprobe@drm.service - Load Kernel Module drm.
Oct  6 00:56:45 ip-172-31-28-248 audit[1]: SERVICE_START pid=1 uid=0 auid=4294967295 ses=4294967295 subj=system_u:system_r:init_t:s0 msg='unit=modprobe@drm comm="systemd" exe="/usr/lib/systemd/systemd" hostname=? addr=? terminal=? res=success'
Oct  6 00:56:45 ip-172-31-28-248 audit[1]: SERVICE_STOP pid=1 uid=0 auid=4294967295 ses=4294967295 subj=system_u:system_r:init_t:s0 msg='unit=modprobe@drm comm="systemd" exe="/usr/lib/systemd/systemd" hostname=? addr=? terminal=? res=success'
Oct  6 00:56:45 ip-172-31-28-248 systemd[1]: Finished systemd-sysctl.service - Apply Kernel Variables.
Oct  6 00:56:45 ip-172-31-28-248 audit[1]: SERVICE_START pid=1 uid=0 auid=4294967295 ses=4294967295 subj=system_u:system_r:init_t:s0 msg='unit=systemd-sysctl comm="systemd" exe="/usr/lib/systemd/systemd" hostname=? addr=? terminal=? res=success'
Oct  6 00:56:45 ip-172-31-28-248 systemd[1]: Started systemd-journald.service - Journal Service.
Oct  6 00:56:45 ip-172-31-28-248 systemd[1]: Finished systemd-udev-trigger.service - Coldplug All udev Devices.
Oct  6 00:56:45 ip-172-31-28-248 audit[1]: SERVICE_START pid=1 uid=0 auid=4294967295 ses=4294967295 subj=system_u:system_r:init_t:s0 msg='unit=systemd-udev-trigger comm="systemd" exe="/usr/lib/systemd/systemd" hostname=? addr=? terminal=? res=success'
Oct  6 00:56:45 ip-172-31-28-248 systemd[1]: Starting systemd-journal-flush.service - Flush Journal to Persistent Storage...
Oct  6 00:56:45 ip-172-31-28-248 systemd[1]: Finished systemd-random-seed.service - Load/Save Random Seed.
Oct  6 00:56:45 ip-172-31-28-248 audit[1]: SERVICE_START pid=1 uid=0 auid=4294967295 ses=4294967295 subj=system_u:system_r:init_t:s0 msg='unit=systemd-random-seed comm="systemd" exe="/usr/lib/systemd/systemd" hostname=? addr=? terminal=? res=success'
Oct  6 00:56:45 ip-172-31-28-248 systemd[1]: first-boot-complete.target - First Boot Complete was skipped because of an unmet condition check (ConditionFirstBoot=yes).
Oct  6 00:56:45 ip-172-31-28-248 systemd-journald[771]: Runtime Journal (/run/log/journal/ec27e8d6b8442728df422e5dcee79baf) is 2.2M, max 18.1M, 15.8M free.
Oct  6 00:56:45 ip-172-31-28-248 systemd[1]: Finished systemd-journal-flush.service - Flush Journal to Persistent Storage.
Oct  6 00:56:45 ip-172-31-28-248 audit[1]: SERVICE_START pid=1 uid=0 auid=4294967295 ses=4294967295 subj=system_u:system_r:init_t:s0 msg='unit=systemd-journal-flush comm="systemd" exe="/usr/lib/systemd/systemd" hostname=? addr=? terminal=? res=success'
Oct  6 00:56:45 ip-172-31-28-248 systemd-journald[771]: Received client request to flush runtime journal.
Oct  6 00:56:46 ip-172-31-28-248 systemd[1]: Finished systemd-tmpfiles-setup-dev.service - Create Static Device Nodes in /dev.
Oct  6 00:56:46 ip-172-31-28-248 audit[1]: SERVICE_START pid=1 uid=0 auid=4294967295 ses=4294967295 subj=system_u:system_r:init_t:s0 msg='unit=systemd-tmpfiles-setup-dev comm="systemd" exe="/usr/lib/systemd/systemd" hostname=? addr=? terminal=? res=success'
Oct  6 00:56:46 ip-172-31-28-248 systemd[1]: Reached target local-fs-pre.target - Preparation for Local File Systems.
Oct  6 00:56:46 ip-172-31-28-248 systemd[1]: Set up automount boot-efi.automount.
Oct  6 00:56:46 ip-172-31-28-248 systemd[1]: Reached target local-fs.target - Local File Systems.
Oct  6 00:56:46 ip-172-31-28-248 systemd[1]: Starting dracut-shutdown.service - Restore /run/initramfs on shutdown...
Oct  6 00:56:46 ip-172-31-28-248 systemd[1]: import-state.service - Import network configuration from initramfs was skipped because of an unmet condition check (ConditionDirectoryNotEmpty=/run/initramfs/state).
Oct  6 00:56:46 ip-172-31-28-248 systemd[1]: ldconfig.service - Rebuild Dynamic Linker Cache was skipped because no trigger condition checks were met.
Oct  6 00:56:46 ip-172-31-28-248 systemd[1]: selinux-autorelabel-mark.service - Mark the need to relabel after reboot was skipped because of an unmet condition check (ConditionSecurity=!selinux).
Oct  6 00:56:46 ip-172-31-28-248 systemd[1]: systemd-binfmt.service - Set Up Additional Binary Formats was skipped because no trigger condition checks were met.
Oct  6 00:56:46 ip-172-31-28-248 systemd[1]: systemd-machine-id-commit.service - Commit a transient machine-id on disk was skipped because of an unmet condition check (ConditionPathIsMountPoint=/etc/machine-id).
Oct  6 00:56:46 ip-172-31-28-248 systemd[1]: Starting systemd-tmpfiles-setup.service - Create Volatile Files and Directories...
Oct  6 00:56:46 ip-172-31-28-248 audit: BPF prog-id=16 op=LOAD
Oct  6 00:56:46 ip-172-31-28-248 audit: BPF prog-id=17 op=LOAD
Oct  6 00:56:46 ip-172-31-28-248 audit: BPF prog-id=6 op=UNLOAD
Oct  6 00:56:46 ip-172-31-28-248 audit: BPF prog-id=7 op=UNLOAD
Oct  6 00:56:46 ip-172-31-28-248 systemd[1]: Starting systemd-udevd.service - Rule-based Manager for Device Events and Files...
Oct  6 00:56:46 ip-172-31-28-248 systemd[1]: Finished dracut-shutdown.service - Restore /run/initramfs on shutdown.
Oct  6 00:56:46 ip-172-31-28-248 audit[1]: SERVICE_START pid=1 uid=0 auid=4294967295 ses=4294967295 subj=system_u:system_r:init_t:s0 msg='unit=dracut-shutdown comm="systemd" exe="/usr/lib/systemd/systemd" hostname=? addr=? terminal=? res=success'
Oct  6 00:56:46 ip-172-31-28-248 systemd-udevd[1149]: Using default interface naming scheme 'v252'.
Oct  6 00:56:46 ip-172-31-28-248 systemd[1]: Finished systemd-tmpfiles-setup.service - Create Volatile Files and Directories.
Oct  6 00:56:46 ip-172-31-28-248 audit[1]: SERVICE_START pid=1 uid=0 auid=4294967295 ses=4294967295 subj=system_u:system_r:init_t:s0 msg='unit=systemd-tmpfiles-setup comm="systemd" exe="/usr/lib/systemd/systemd" hostname=? addr=? terminal=? res=success'
Oct  6 00:56:46 ip-172-31-28-248 systemd[1]: Starting auditd.service - Security Auditing Service...
Oct  6 00:56:46 ip-172-31-28-248 audit: BPF prog-id=18 op=LOAD
Oct  6 00:56:46 ip-172-31-28-248 systemd[1]: systemd-journal-catalog-update.service - Rebuild Journal Catalog was skipped because of an unmet condition check (ConditionNeedsUpdate=/var).
Oct  6 00:56:46 ip-172-31-28-248 kernel: kauditd_printk_skb: 65 callbacks suppressed
Oct  6 00:56:46 ip-172-31-28-248 kernel: audit: type=1334 audit(1696553806.349:74): prog-id=18 op=LOAD
Oct  6 00:56:46 ip-172-31-28-248 systemd[1]: Starting systemd-resolved.service - Network Name Resolution...
Oct  6 00:56:46 ip-172-31-28-248 systemd[1]: systemd-update-done.service - Update is Completed was skipped because no trigger condition checks were met.
Oct  6 00:56:46 ip-172-31-28-248 systemd[1]: Started systemd-udevd.service - Rule-based Manager for Device Events and Files.
Oct  6 00:56:46 ip-172-31-28-248 audit[1]: SERVICE_START pid=1 uid=0 auid=4294967295 ses=4294967295 subj=system_u:system_r:init_t:s0 msg='unit=systemd-udevd comm="systemd" exe="/usr/lib/systemd/systemd" hostname=? addr=? terminal=? res=success'
Oct  6 00:56:46 ip-172-31-28-248 kernel: audit: type=1130 audit(1696553806.359:75): pid=1 uid=0 auid=4294967295 ses=4294967295 subj=system_u:system_r:init_t:s0 msg='unit=systemd-udevd comm="systemd" exe="/usr/lib/systemd/systemd" hostname=? addr=? terminal=? res=success'
Oct  6 00:56:46 ip-172-31-28-248 systemd[1]: Condition check resulted in dev-ttyS0.device - /dev/ttyS0 being skipped.
Oct  6 00:56:46 ip-172-31-28-248 audit[1162]: AVC avc:  denied  { setattr } for  pid=1162 comm="auditd" name="audit" dev="nvme0n1p1" ino=1950066 scontext=system_u:system_r:auditd_t:s0 tcontext=unconfined_u:object_r:var_log_t:s0 tclass=dir permissive=1
Oct  6 00:56:46 ip-172-31-28-248 auditd[1162]: No plugins found, not dispatching events
Oct  6 00:56:46 ip-172-31-28-248 audit[1162]: SYSCALL arch=c000003e syscall=90 success=yes exit=0 a0=561db9fad990 a1=1c0 a2=561db9fad99e a3=1a4 items=0 ppid=1150 pid=1162 auid=4294967295 uid=0 gid=0 euid=0 suid=0 fsuid=0 egid=0 sgid=0 fsgid=0 tty=(none) ses=4294967295 comm="auditd" exe="/usr/sbin/auditd" subj=system_u:system_r:auditd_t:s0 key=(null)
Oct  6 00:56:46 ip-172-31-28-248 audit: PROCTITLE proctitle="/sbin/auditd"
Oct  6 00:56:46 ip-172-31-28-248 audit[1162]: AVC avc:  denied  { create } for  pid=1162 comm="auditd" name="audit.log" scontext=system_u:system_r:auditd_t:s0 tcontext=system_u:object_r:var_log_t:s0 tclass=file permissive=1
Oct  6 00:56:46 ip-172-31-28-248 audit[1162]: AVC avc:  denied  { read open } for  pid=1162 comm="auditd" path="/var/log/audit/audit.log" dev="nvme0n1p1" ino=1950069 scontext=system_u:system_r:auditd_t:s0 tcontext=system_u:object_r:var_log_t:s0 tclass=file permissive=1
Oct  6 00:56:46 ip-172-31-28-248 audit[1162]: SYSCALL arch=c000003e syscall=257 success=yes exit=6 a0=ffffff9c a1=561db9fad900 a2=4c0 a3=1a0 items=4 ppid=1150 pid=1162 auid=4294967295 uid=0 gid=0 euid=0 suid=0 fsuid=0 egid=0 sgid=0 fsgid=0 tty=(none) ses=4294967295 comm="auditd" exe="/usr/sbin/auditd" subj=system_u:system_r:auditd_t:s0 key=(null)
Oct  6 00:56:46 ip-172-31-28-248 audit: CWD cwd="/"
Oct  6 00:56:46 ip-172-31-28-248 audit: PATH item=0 name=(null) inode=1950066 dev=103:01 mode=040700 ouid=0 ogid=0 rdev=00:00 obj=unconfined_u:object_r:var_log_t:s0 nametype=PARENT cap_fp=0 cap_fi=0 cap_fe=0 cap_fver=0 cap_frootid=0
Oct  6 00:56:46 ip-172-31-28-248 audit: PATH item=1 name=(null) nametype=CREATE cap_fp=0 cap_fi=0 cap_fe=0 cap_fver=0 cap_frootid=0
Oct  6 00:56:46 ip-172-31-28-248 audit: PATH item=2 name=(null) inode=1950066 dev=103:01 mode=040700 ouid=0 ogid=0 rdev=00:00 obj=unconfined_u:object_r:var_log_t:s0 nametype=PARENT cap_fp=0 cap_fi=0 cap_fe=0 cap_fver=0 cap_frootid=0
Oct  6 00:56:46 ip-172-31-28-248 audit: PATH item=3 name=(null) inode=1950069 dev=103:01 mode=0100640 ouid=0 ogid=0 rdev=00:00 obj=system_u:object_r:var_log_t:s0 nametype=CREATE cap_fp=0 cap_fi=0 cap_fe=0 cap_fver=0 cap_frootid=0
Oct  6 00:56:46 ip-172-31-28-248 audit: PROCTITLE proctitle="/sbin/auditd"
Oct  6 00:56:46 ip-172-31-28-248 audit[1162]: AVC avc:  denied  { setattr } for  pid=1162 comm="auditd" name="audit.log" dev="nvme0n1p1" ino=1950069 scontext=system_u:system_r:auditd_t:s0 tcontext=system_u:object_r:var_log_t:s0 tclass=file permissive=1
Oct  6 00:56:46 ip-172-31-28-248 audit[1162]: SYSCALL arch=c000003e syscall=91 success=yes exit=0 a0=6 a1=180 a2=0 a3=0 items=0 ppid=1150 pid=1162 auid=4294967295 uid=0 gid=0 euid=0 suid=0 fsuid=0 egid=0 sgid=0 fsgid=0 tty=(none) ses=4294967295 comm="auditd" exe="/usr/sbin/auditd" subj=system_u:system_r:auditd_t:s0 key=(null)
Oct  6 00:56:46 ip-172-31-28-248 audit: PROCTITLE proctitle="/sbin/auditd"
Oct  6 00:56:46 ip-172-31-28-248 audit: CONFIG_CHANGE op=set audit_enabled=1 old=1 auid=4294967295 ses=4294967295 subj=system_u:system_r:auditd_t:s0 res=1
Oct  6 00:56:46 ip-172-31-28-248 audit[1162]: SYSCALL arch=c000003e syscall=44 success=yes exit=60 a0=3 a1=7fff252197a0 a2=3c a3=0 items=0 ppid=1150 pid=1162 auid=4294967295 uid=0 gid=0 euid=0 suid=0 fsuid=0 egid=0 sgid=0 fsgid=0 tty=(none) ses=4294967295 comm="auditd" exe="/usr/sbin/auditd" subj=system_u:system_r:auditd_t:s0 key=(null)
Oct  6 00:56:46 ip-172-31-28-248 audit: PROCTITLE proctitle="/sbin/auditd"
Oct  6 00:56:46 ip-172-31-28-248 audit: CONFIG_CHANGE op=set audit_pid=1162 old=0 auid=4294967295 ses=4294967295 subj=system_u:system_r:auditd_t:s0 res=1
Oct  6 00:56:46 ip-172-31-28-248 audit[1162]: SYSCALL arch=c000003e syscall=44 success=yes exit=60 a0=3 a1=7fff25217450 a2=3c a3=0 items=0 ppid=1150 pid=1162 auid=4294967295 uid=0 gid=0 euid=0 suid=0 fsuid=0 egid=0 sgid=0 fsgid=0 tty=(none) ses=4294967295 comm="auditd" exe="/usr/sbin/auditd" subj=system_u:system_r:auditd_t:s0 key=(null)
Oct  6 00:56:46 ip-172-31-28-248 audit: PROCTITLE proctitle="/sbin/auditd"
Oct  6 00:56:46 ip-172-31-28-248 auditd[1162]: Init complete, auditd 3.0.6 listening for events (startup state enable)
Oct  6 00:56:46 ip-172-31-28-248 kernel: audit: type=1400 audit(1696553806.489:76): avc:  denied  { setattr } for  pid=1162 comm="auditd" name="audit" dev="nvme0n1p1" ino=1950066 scontext=system_u:system_r:auditd_t:s0 tcontext=unconfined_u:object_r:var_log_t:s0 tclass=dir permissive=1
Oct  6 00:56:46 ip-172-31-28-248 kernel: input: Power Button as /devices/LNXSYSTM:00/LNXPWRBN:00/input/input0
Oct  6 00:56:46 ip-172-31-28-248 systemd-resolved[1161]: Positive Trust Anchors:
Oct  6 00:56:46 ip-172-31-28-248 systemd-resolved[1161]: . IN DS 20326 8 2 e06d44b80b8f1d39a95c0b0d7c65d08458e880409bbc683457104237c7f8ec8d
Oct  6 00:56:46 ip-172-31-28-248 systemd-resolved[1161]: Negative trust anchors: home.arpa 10.in-addr.arpa 16.172.in-addr.arpa 17.172.in-addr.arpa 18.172.in-addr.arpa 19.172.in-addr.arpa 20.172.in-addr.arpa 21.172.in-addr.arpa 22.172.in-addr.arpa 23.172.in-addr.arpa 24.172.in-addr.arpa 25.172.in-addr.arpa 26.172.in-addr.arpa 27.172.in-addr.arpa 28.172.in-addr.arpa 29.172.in-addr.arpa 30.172.in-addr.arpa 31.172.in-addr.arpa 168.192.in-addr.arpa d.f.ip6.arpa corp home internal intranet lan local private test
Oct  6 00:56:46 ip-172-31-28-248 kernel: ena 0000:00:05.0: Elastic Network Adapter (ENA) v2.8.6g
Oct  6 00:56:46 ip-172-31-28-248 kernel: ena 0000:00:05.0: ENA device version: 0.10
Oct  6 00:56:46 ip-172-31-28-248 kernel: ena 0000:00:05.0: ENA controller version: 0.0.1 implementation version 1
Oct  6 00:56:46 ip-172-31-28-248 kernel: ena 0000:00:05.0: kernel version string will be truncated, status = -7
Oct  6 00:56:46 ip-172-31-28-248 kernel: ACPI: button: Power Button [PWRF]
Oct  6 00:56:46 ip-172-31-28-248 kernel: input: Sleep Button as /devices/LNXSYSTM:00/LNXSLPBN:00/input/input1
Oct  6 00:56:46 ip-172-31-28-248 kernel: ACPI: button: Sleep Button [SLPF]
Oct  6 00:56:46 ip-172-31-28-248 kernel: cryptd: max_cpu_qlen set to 1000
Oct  6 00:56:46 ip-172-31-28-248 kernel: AVX2 version of gcm_enc/dec engaged.
Oct  6 00:56:46 ip-172-31-28-248 kernel: AES CTR mode by8 optimization enabled
Oct  6 00:56:46 ip-172-31-28-248 kernel: ena 0000:00:05.0: LLQ is not supported Fallback to host mode policy.
Oct  6 00:56:46 ip-172-31-28-248 kernel: ena 0000:00:05.0: Elastic Network Adapter (ENA) found at mem 80400000, mac addr 06:a9:75:34:0c:c9
Oct  6 00:56:46 ip-172-31-28-248 augenrules[1166]: /sbin/augenrules: No change
Oct  6 00:56:46 ip-172-31-28-248 audit: CONFIG_CHANGE auid=4294967295 ses=4294967295 subj=system_u:system_r:unconfined_service_t:s0 op=add_rule key=(null) list=1 res=1
Oct  6 00:56:46 ip-172-31-28-248 audit[1264]: SYSCALL arch=c000003e syscall=44 success=yes exit=1056 a0=3 a1=7ffd9529b6a0 a2=420 a3=0 items=0 ppid=1166 pid=1264 auid=4294967295 uid=0 gid=0 euid=0 suid=0 fsuid=0 egid=0 sgid=0 fsgid=0 tty=(none) ses=4294967295 comm="auditctl" exe="/usr/sbin/auditctl" subj=system_u:system_r:unconfined_service_t:s0 key=(null)
Oct  6 00:56:46 ip-172-31-28-248 audit: PROCTITLE proctitle=2F7362696E2F617564697463746C002D52002F6574632F61756469742F61756469742E72756C6573
Oct  6 00:56:46 ip-172-31-28-248 augenrules[1264]: No rules
Oct  6 00:56:46 ip-172-31-28-248 systemd[1]: Started auditd.service - Security Auditing Service.
Oct  6 00:56:46 ip-172-31-28-248 audit[1]: SERVICE_START pid=1 uid=0 auid=4294967295 ses=4294967295 subj=system_u:system_r:init_t:s0 msg='unit=auditd comm="systemd" exe="/usr/lib/systemd/systemd" hostname=? addr=? terminal=? res=success'
Oct  6 00:56:46 ip-172-31-28-248 systemd-resolved[1161]: Using system hostname 'ip-172-31-28-248.us-west-2.compute.internal'.
Oct  6 00:56:46 ip-172-31-28-248 audit[1]: SERVICE_START pid=1 uid=0 auid=4294967295 ses=4294967295 subj=system_u:system_r:init_t:s0 msg='unit=systemd-resolved comm="systemd" exe="/usr/lib/systemd/systemd" hostname=? addr=? terminal=? res=success'
Oct  6 00:56:46 ip-172-31-28-248 systemd[1]: Starting systemd-update-utmp.service - Record System Boot/Shutdown in UTMP...
Oct  6 00:56:46 ip-172-31-28-248 systemd[1]: Started systemd-resolved.service - Network Name Resolution.
Oct  6 00:56:46 ip-172-31-28-248 systemd[1]: Reached target nss-lookup.target - Host and Network Name Lookups.
Oct  6 00:56:46 ip-172-31-28-248 kernel: ena 0000:00:05.0 ens5: renamed from eth0
Oct  6 00:56:46 ip-172-31-28-248 audit[1268]: SYSTEM_BOOT pid=1268 uid=0 auid=4294967295 ses=4294967295 subj=system_u:system_r:init_t:s0 msg=' comm="systemd-update-utmp" exe="/usr/lib/systemd/systemd-update-utmp" hostname=? addr=? terminal=? res=success'
Oct  6 00:56:46 ip-172-31-28-248 systemd[1]: Finished systemd-update-utmp.service - Record System Boot/Shutdown in UTMP.
Oct  6 00:56:46 ip-172-31-28-248 audit[1]: SERVICE_START pid=1 uid=0 auid=4294967295 ses=4294967295 subj=system_u:system_r:init_t:s0 msg='unit=systemd-update-utmp comm="systemd" exe="/usr/lib/systemd/systemd" hostname=? addr=? terminal=? res=success'
Oct  6 00:56:46 ip-172-31-28-248 systemd[1]: Reached target sysinit.target - System Initialization.
Oct  6 00:56:46 ip-172-31-28-248 systemd[1]: Started fstrim.timer - Discard unused blocks once a week.
Oct  6 00:56:46 ip-172-31-28-248 systemd[1]: Started logrotate.timer - Daily rotation of log files.
Oct  6 00:56:46 ip-172-31-28-248 systemd[1]: Started sysstat-collect.timer - Run system activity accounting tool every 10 minutes.
Oct  6 00:56:46 ip-172-31-28-248 systemd[1]: Started sysstat-summary.timer - Generate summary of yesterday's process accounting.
Oct  6 00:56:46 ip-172-31-28-248 systemd[1]: Started systemd-tmpfiles-clean.timer - Daily Cleanup of Temporary Directories.
Oct  6 00:56:46 ip-172-31-28-248 systemd[1]: Started update-motd.timer - Timer for Dynamically Generate Message Of The Day.
Oct  6 00:56:46 ip-172-31-28-248 systemd[1]: Reached target timers.target - Timer Units.
Oct  6 00:56:46 ip-172-31-28-248 systemd[1]: Listening on acpid.socket - ACPID Listen Socket.
Oct  6 00:56:46 ip-172-31-28-248 systemd[1]: Listening on dbus.socket - D-Bus System Message Bus Socket.
Oct  6 00:56:46 ip-172-31-28-248 systemd[1]: Listening on sssd-kcm.socket - SSSD Kerberos Cache Manager responder socket.
Oct  6 00:56:46 ip-172-31-28-248 systemd[1]: Reached target sockets.target - Socket Units.
Oct  6 00:56:46 ip-172-31-28-248 systemd[1]: rpmdb-rebuild.service - RPM database rebuild was skipped because of an unmet condition check (ConditionPathExists=/var/lib/rpm/.rebuilddb).
Oct  6 00:56:46 ip-172-31-28-248 systemd[1]: Reached target basic.target - Basic System.
Oct  6 00:56:46 ip-172-31-28-248 systemd[1]: Started acpid.service - ACPI Event Daemon.
Oct  6 00:56:46 ip-172-31-28-248 audit[1]: SERVICE_START pid=1 uid=0 auid=4294967295 ses=4294967295 subj=system_u:system_r:init_t:s0 msg='unit=acpid comm="systemd" exe="/usr/lib/systemd/systemd" hostname=? addr=? terminal=? res=success'
Oct  6 00:56:46 ip-172-31-28-248 audit[1]: SERVICE_START pid=1 uid=0 auid=4294967295 ses=4294967295 subj=system_u:system_r:init_t:s0 msg='unit=irqbalance comm="systemd" exe="/usr/lib/systemd/systemd" hostname=? addr=? terminal=? res=success'
Oct  6 00:56:46 ip-172-31-28-248 systemd[1]: Starting cloud-init-local.service - Initial cloud-init job (pre-networking)...
Oct  6 00:56:46 ip-172-31-28-248 systemd[1]: Started irqbalance.service - irqbalance daemon.
Oct  6 00:56:46 ip-172-31-28-248 audit[1]: SERVICE_START pid=1 uid=0 auid=4294967295 ses=4294967295 subj=system_u:system_r:init_t:s0 msg='unit=libstoragemgmt comm="systemd" exe="/usr/lib/systemd/systemd" hostname=? addr=? terminal=? res=success'
Oct  6 00:56:46 ip-172-31-28-248 systemd[1]: Started libstoragemgmt.service - libstoragemgmt plug-in server daemon.
Oct  6 00:56:46 ip-172-31-28-248 audit[1]: SERVICE_START pid=1 uid=0 auid=4294967295 ses=4294967295 subj=system_u:system_r:init_t:s0 msg='unit=rngd comm="systemd" exe="/usr/lib/systemd/systemd" hostname=? addr=? terminal=? res=success'
Oct  6 00:56:46 ip-172-31-28-248 systemd[1]: Started rngd.service - Hardware RNG Entropy Gatherer Daemon.
Oct  6 00:56:46 ip-172-31-28-248 systemd[1]: Starting rsyslog.service - System Logging Service...
Oct  6 00:56:46 ip-172-31-28-248 systemd[1]: sshd-keygen@ecdsa.service - OpenSSH ecdsa Server Key Generation was skipped because of an unmet condition check (ConditionPathExists=!/run/systemd/generator.early/multi-user.target.wants/cloud-init.target).
Oct  6 00:56:46 ip-172-31-28-248 systemd[1]: sshd-keygen@ed25519.service - OpenSSH ed25519 Server Key Generation was skipped because of an unmet condition check (ConditionPathExists=!/run/systemd/generator.early/multi-user.target.wants/cloud-init.target).
Oct  6 00:56:46 ip-172-31-28-248 systemd[1]: sshd-keygen@rsa.service - OpenSSH rsa Server Key Generation was skipped because of an unmet condition check (ConditionPathExists=!/run/systemd/generator.early/multi-user.target.wants/cloud-init.target).
Oct  6 00:56:46 ip-172-31-28-248 systemd[1]: Reached target sshd-keygen.target.
Oct  6 00:56:46 ip-172-31-28-248 systemd[1]: Starting sssd.service - System Security Services Daemon...
Oct  6 00:56:46 ip-172-31-28-248 systemd[1]: Starting sysstat.service - Resets System Activity Logs...
Oct  6 00:56:46 ip-172-31-28-248 audit: BPF prog-id=19 op=LOAD
Oct  6 00:56:46 ip-172-31-28-248 systemd[1]: Starting systemd-homed.service - Home Area Manager...
Oct  6 00:56:46 ip-172-31-28-248 systemd[1]: Finished cloud-init-local.service - Initial cloud-init job (pre-networking).
Oct  6 00:56:46 ip-172-31-28-248 audit[1]: SERVICE_START pid=1 uid=0 auid=4294967295 ses=4294967295 subj=system_u:system_r:init_t:s0 msg='unit=cloud-init-local comm="systemd" exe="/usr/lib/systemd/systemd" hostname=? addr=? terminal=? res=success'
Oct  6 00:56:46 ip-172-31-28-248 systemd[1]: Reached target network-pre.target - Preparation for Network.
Oct  6 00:56:46 ip-172-31-28-248 systemd[1]: Mounting var-lib-nfs-rpc_pipefs.mount - RPC Pipe File System...
Oct  6 00:56:46 ip-172-31-28-248 audit: BPF prog-id=20 op=LOAD
Oct  6 00:56:46 ip-172-31-28-248 systemd[1]: Starting dbus-broker.service - D-Bus System Message Bus...
Oct  6 00:56:46 ip-172-31-28-248 audit: BPF prog-id=21 op=LOAD
Oct  6 00:56:46 ip-172-31-28-248 systemd[1]: Starting systemd-networkd.service - Network Configuration...
Oct  6 00:56:46 ip-172-31-28-248 audit: BPF prog-id=22 op=LOAD
Oct  6 00:56:46 ip-172-31-28-248 systemd[1]: Starting logrotate.service - Rotate log files...
Oct  6 00:56:46 ip-172-31-28-248 systemd[1]: Finished sysstat.service - Resets System Activity Logs.
Oct  6 00:56:46 ip-172-31-28-248 audit[1]: SERVICE_START pid=1 uid=0 auid=4294967295 ses=4294967295 subj=system_u:system_r:init_t:s0 msg='unit=sysstat comm="systemd" exe="/usr/lib/systemd/systemd" hostname=? addr=? terminal=? res=success'
Oct  6 00:56:46 ip-172-31-28-248 rsyslogd[1276]: [origin software="rsyslogd" swVersion="8.2204.0-3.amzn2023.0.2" x-pid="1276" x-info="https://www.rsyslog.com"] start
Oct  6 00:56:46 ip-172-31-28-248 systemd[1]: Started rsyslog.service - System Logging Service.
Oct  6 00:56:46 ip-172-31-28-248 systemd-homed[1280]: Watching /home.
Oct  6 00:56:46 ip-172-31-28-248 audit[1]: SERVICE_START pid=1 uid=0 auid=4294967295 ses=4294967295 subj=system_u:system_r:init_t:s0 msg='unit=rsyslog comm="systemd" exe="/usr/lib/systemd/systemd" hostname=? addr=? terminal=? res=success'
Oct  6 00:56:46 ip-172-31-28-248 systemd[1]: Reloading.
Oct  6 00:56:46 ip-172-31-28-248 rngd[1275]: Disabling 7: PKCS11 Entropy generator (pkcs11)
Oct  6 00:56:46 ip-172-31-28-248 rngd[1275]: Disabling 5: NIST Network Entropy Beacon (nist)
Oct  6 00:56:46 ip-172-31-28-248 rngd[1275]: Initializing available sources
Oct  6 00:56:46 ip-172-31-28-248 rngd[1275]: [hwrng ]: Initialization Failed
Oct  6 00:56:46 ip-172-31-28-248 rngd[1275]: [rdrand]: Enabling RDSEED rng support
Oct  6 00:56:46 ip-172-31-28-248 rngd[1275]: [rdrand]: Initialized
Oct  6 00:56:47 ip-172-31-28-248 sssd[1277]: Could not open file [/var/log/sssd/sssd.log]. Error: [2][No such file or directory]
Oct  6 00:56:47 ip-172-31-28-248 sssd[1277]: Error opening log file, falling back to stderr
Oct  6 00:56:47 ip-172-31-28-248 journal[1283]: Ready
Oct  6 00:56:47 ip-172-31-28-248 rsyslogd[1276]: imjournal: journal files changed, reloading...  [v8.2204.0-3.amzn2023.0.2 try https://www.rsyslog.com/e/0 ]
Oct  6 00:56:47 ip-172-31-28-248 kernel: RPC: Registered named UNIX socket transport module.
Oct  6 00:56:47 ip-172-31-28-248 kernel: RPC: Registered udp transport module.
Oct  6 00:56:47 ip-172-31-28-248 kernel: RPC: Registered tcp transport module.
Oct  6 00:56:47 ip-172-31-28-248 kernel: RPC: Registered tcp NFSv4.1 backchannel transport module.
Oct  6 00:56:47 ip-172-31-28-248 systemd-networkd[1284]: lo: Link UP
Oct  6 00:56:47 ip-172-31-28-248 systemd-networkd[1284]: lo: Gained carrier
Oct  6 00:56:47 ip-172-31-28-248 systemd-networkd[1284]: Enumeration completed
Oct  6 00:56:47 ip-172-31-28-248 rngd[1275]: [jitter]: Initializing AES buffer
Oct  6 00:56:47 ip-172-31-28-248 sssd[1277]: (2023-10-06  0:56:47): [sssd] [server_setup] (0x1f7c0): Starting with debug level = 0x0070
Oct  6 00:56:47 ip-172-31-28-248 sssd[1277]: Starting up
